Archive member included because of file (symbol)

c:/infineon/tools/dave ide/4.5.0.202105191637/eclipse/arm-gcc-49/bin/../lib/gcc/arm-none-eabi/4.9.3/armv7e-m/softfp\libgcc.a(_arm_addsubdf3.o)
                              ./main.o (__aeabi_dsub)
c:/infineon/tools/dave ide/4.5.0.202105191637/eclipse/arm-gcc-49/bin/../lib/gcc/arm-none-eabi/4.9.3/armv7e-m/softfp\libgcc.a(_arm_muldivdf3.o)
                              ./main.o (__aeabi_dmul)
c:/infineon/tools/dave ide/4.5.0.202105191637/eclipse/arm-gcc-49/bin/../lib/gcc/arm-none-eabi/4.9.3/armv7e-m/softfp\libgcc.a(_arm_fixdfsi.o)
                              ./main.o (__aeabi_d2iz)
c:/infineon/tools/dave ide/4.5.0.202105191637/eclipse/arm-gcc-49/bin/../lib/gcc/arm-none-eabi/4.9.3/armv7e-m/softfp\libgcc.a(_arm_truncdfsf2.o)
                              ./main.o (__aeabi_d2f)
c:/infineon/tools/dave ide/4.5.0.202105191637/eclipse/arm-gcc-49/bin/../lib/gcc/arm-none-eabi/4.9.3/armv7e-m/softfp\libgcc.a(_aeabi_uldivmod.o)
                              ./Dave/Generated/TIMER/timer.o (__aeabi_uldivmod)
c:/infineon/tools/dave ide/4.5.0.202105191637/eclipse/arm-gcc-49/bin/../lib/gcc/arm-none-eabi/4.9.3/armv7e-m/softfp\libgcc.a(bpabi.o)
                              c:/infineon/tools/dave ide/4.5.0.202105191637/eclipse/arm-gcc-49/bin/../lib/gcc/arm-none-eabi/4.9.3/armv7e-m/softfp\libgcc.a(_aeabi_uldivmod.o) (__gnu_uldivmod_helper)
c:/infineon/tools/dave ide/4.5.0.202105191637/eclipse/arm-gcc-49/bin/../lib/gcc/arm-none-eabi/4.9.3/armv7e-m/softfp\libgcc.a(_dvmd_tls.o)
                              c:/infineon/tools/dave ide/4.5.0.202105191637/eclipse/arm-gcc-49/bin/../lib/gcc/arm-none-eabi/4.9.3/armv7e-m/softfp\libgcc.a(_aeabi_uldivmod.o) (__aeabi_ldiv0)
c:/infineon/tools/dave ide/4.5.0.202105191637/eclipse/arm-gcc-49/bin/../lib/gcc/arm-none-eabi/4.9.3/armv7e-m/softfp\libgcc.a(_divdi3.o)
                              c:/infineon/tools/dave ide/4.5.0.202105191637/eclipse/arm-gcc-49/bin/../lib/gcc/arm-none-eabi/4.9.3/armv7e-m/softfp\libgcc.a(bpabi.o) (__divdi3)
c:/infineon/tools/dave ide/4.5.0.202105191637/eclipse/arm-gcc-49/bin/../lib/gcc/arm-none-eabi/4.9.3/armv7e-m/softfp\libgcc.a(_udivdi3.o)
                              c:/infineon/tools/dave ide/4.5.0.202105191637/eclipse/arm-gcc-49/bin/../lib/gcc/arm-none-eabi/4.9.3/armv7e-m/softfp\libgcc.a(bpabi.o) (__udivdi3)
c:/infineon/tools/dave ide/4.5.0.202105191637/eclipse/arm-gcc-49/bin/../lib/gcc/arm-none-eabi/4.9.3/../../../../arm-none-eabi/lib/armv7e-m/softfp\libg_nano.a(lib_a-errno.o)
                              ./Libraries/Newlib/syscalls.o (__errno)
c:/infineon/tools/dave ide/4.5.0.202105191637/eclipse/arm-gcc-49/bin/../lib/gcc/arm-none-eabi/4.9.3/../../../../arm-none-eabi/lib/armv7e-m/softfp\libg_nano.a(lib_a-impure.o)
                              c:/infineon/tools/dave ide/4.5.0.202105191637/eclipse/arm-gcc-49/bin/../lib/gcc/arm-none-eabi/4.9.3/../../../../arm-none-eabi/lib/armv7e-m/softfp\libg_nano.a(lib_a-errno.o) (_impure_ptr)
c:/infineon/tools/dave ide/4.5.0.202105191637/eclipse/arm-gcc-49/bin/../lib/gcc/arm-none-eabi/4.9.3/../../../../arm-none-eabi/lib/armv7e-m/softfp\libg_nano.a(lib_a-init.o)
                              ./Startup/startup_XMC4700.o (__libc_init_array)
c:/infineon/tools/dave ide/4.5.0.202105191637/eclipse/arm-gcc-49/bin/../lib/gcc/arm-none-eabi/4.9.3/../../../../arm-none-eabi/lib/armv7e-m/softfp\libg_nano.a(lib_a-memcpy.o)
                              ./Libraries/XMCLib/src/xmc_eth_mac.o (memcpy)
c:/infineon/tools/dave ide/4.5.0.202105191637/eclipse/arm-gcc-49/bin/../lib/gcc/arm-none-eabi/4.9.3/../../../../arm-none-eabi/lib/armv7e-m/softfp\libg_nano.a(lib_a-memset.o)
                              ./Libraries/XMCLib/src/xmc_usbd.o (memset)
c:/infineon/tools/dave ide/4.5.0.202105191637/eclipse/arm-gcc-49/bin/../lib/gcc/arm-none-eabi/4.9.3/../../../../arm-none-eabi/lib/armv7e-m/softfp\libg_nano.a(lib_a-nano-vfprintf_float.o)
                              (_printf_float)
c:/infineon/tools/dave ide/4.5.0.202105191637/eclipse/arm-gcc-49/bin/../lib/gcc/arm-none-eabi/4.9.3/../../../../arm-none-eabi/lib/armv7e-m/softfp\libg_nano.a(lib_a-nano-vfprintf_i.o)
                              c:/infineon/tools/dave ide/4.5.0.202105191637/eclipse/arm-gcc-49/bin/../lib/gcc/arm-none-eabi/4.9.3/../../../../arm-none-eabi/lib/armv7e-m/softfp\libg_nano.a(lib_a-nano-vfprintf_float.o) (_printf_common)
c:/infineon/tools/dave ide/4.5.0.202105191637/eclipse/arm-gcc-49/bin/../lib/gcc/arm-none-eabi/4.9.3/../../../../arm-none-eabi/lib/armv7e-m/softfp\libg_nano.a(lib_a-s_fpclassify.o)
                              c:/infineon/tools/dave ide/4.5.0.202105191637/eclipse/arm-gcc-49/bin/../lib/gcc/arm-none-eabi/4.9.3/../../../../arm-none-eabi/lib/armv7e-m/softfp\libg_nano.a(lib_a-nano-vfprintf_float.o) (__fpclassifyd)
c:/infineon/tools/dave ide/4.5.0.202105191637/eclipse/arm-gcc-49/bin/../lib/gcc/arm-none-eabi/4.9.3/../../../../arm-none-eabi/lib/armv7e-m/softfp\libg_nano.a(lib_a-strlen.o)
[...]
Memory Configuration

Name             Origin             Length             Attributes
FLASH_1_cached   0x08000000         0x00200000         xr
FLASH_1_uncached 0x0c000000         0x00200000         xr
PSRAM_1          0x1ffe8000         0x00018000         !xr
DSRAM_1_system   0x20000000         0x00020000         !xr
DSRAM_2_comm     0x20020000         0x00020000         !xr
SRAM_combined    0x1ffe8000         0x00058000         !xr
*default*        0x00000000         0xffffffff

Linker script and memory map

LOAD ./Startup/startup_XMC4700.o
LOAD ./Startup/system_XMC4700.o
LOAD ./Libraries/XMCLib/src/xmc4_eru.o
LOAD ./Libraries/XMCLib/src/xmc4_flash.o
LOAD ./Libraries/XMCLib/src/xmc4_gpio.o
LOAD ./Libraries/XMCLib/src/xmc4_rtc.o
LOAD ./Libraries/XMCLib/src/xmc4_scu.o
LOAD ./Libraries/XMCLib/src/xmc_can.o
LOAD ./Libraries/XMCLib/src/xmc_ccu4.o
LOAD ./Libraries/XMCLib/src/xmc_ccu8.o
LOAD ./Libraries/XMCLib/src/xmc_common.o
LOAD ./Libraries/XMCLib/src/xmc_dac.o
LOAD ./Libraries/XMCLib/src/xmc_dma.o
LOAD ./Libraries/XMCLib/src/xmc_dsd.o
LOAD ./Libraries/XMCLib/src/xmc_ebu.o
LOAD ./Libraries/XMCLib/src/xmc_ecat.o
LOAD ./Libraries/XMCLib/src/xmc_eru.o
LOAD ./Libraries/XMCLib/src/xmc_eth_mac.o
LOAD ./Libraries/XMCLib/src/xmc_eth_phy_dp83848.o
LOAD ./Libraries/XMCLib/src/xmc_eth_phy_ksz8031rnl.o
LOAD ./Libraries/XMCLib/src/xmc_eth_phy_ksz8081rnb.o
LOAD ./Libraries/XMCLib/src/xmc_fce.o
LOAD ./Libraries/XMCLib/src/xmc_gpio.o
LOAD ./Libraries/XMCLib/src/xmc_hrpwm.o
LOAD ./Libraries/XMCLib/src/xmc_i2c.o
LOAD ./Libraries/XMCLib/src/xmc_i2s.o
LOAD ./Libraries/XMCLib/src/xmc_ledts.o
LOAD ./Libraries/XMCLib/src/xmc_posif.o
LOAD ./Libraries/XMCLib/src/xmc_rtc.o
LOAD ./Libraries/XMCLib/src/xmc_sdmmc.o
LOAD ./Libraries/XMCLib/src/xmc_spi.o
LOAD ./Libraries/XMCLib/src/xmc_uart.o
LOAD ./Libraries/XMCLib/src/xmc_usbd.o
LOAD ./Libraries/XMCLib/src/xmc_usbh.o
LOAD ./Libraries/XMCLib/src/xmc_usic.o
LOAD ./Libraries/XMCLib/src/xmc_vadc.o
LOAD ./Libraries/XMCLib/src/xmc_wdt.o
LOAD ./Libraries/Newlib/syscalls.o
LOAD ./Dave/Generated/UART/uart.o
LOAD ./Dave/Generated/UART/uart_conf.o
LOAD ./Dave/Generated/TIMER/timer.o
LOAD ./Dave/Generated/TIMER/timer_conf.o
LOAD ./Dave/Generated/SYSTIMER/systimer.o
LOAD ./Dave/Generated/SYSTIMER/systimer_conf.o
LOAD ./Dave/Generated/PWM/pwm.o
LOAD ./Dave/Generated/PWM/pwm_conf.o
LOAD ./Dave/Generated/PIN_INTERRUPT/pin_interrupt.o
LOAD ./Dave/Generated/PIN_INTERRUPT/pin_interrupt_conf.o
LOAD ./Dave/Generated/INTERRUPT/interrupt.o
LOAD ./Dave/Generated/INTERRUPT/interrupt_conf.o
LOAD ./Dave/Generated/GLOBAL_CCU8/global_ccu8.o
LOAD ./Dave/Generated/GLOBAL_CCU8/global_ccu8_conf.o
LOAD ./Dave/Generated/GLOBAL_CCU4/global_ccu4.o
LOAD ./Dave/Generated/GLOBAL_CCU4/global_ccu4_conf.o
LOAD ./Dave/Generated/GLOBAL_ADC/global_adc.o
LOAD ./Dave/Generated/GLOBAL_ADC/global_adc_conf.o
LOAD ./Dave/Generated/DIGITAL_IO/digital_io.o
LOAD ./Dave/Generated/DIGITAL_IO/digital_io_conf.o
LOAD ./Dave/Generated/CPU_CTRL_XMC4/cpu_ctrl_xmc4.o
LOAD ./Dave/Generated/CPU_CTRL_XMC4/cpu_ctrl_xmc4_conf.o
LOAD ./Dave/Generated/CLOCK_XMC4/clock_xmc4.o
LOAD ./Dave/Generated/CLOCK_XMC4/clock_xmc4_conf.o
LOAD ./Dave/Generated/CAPTURE/capture.o
LOAD ./Dave/Generated/CAPTURE/capture_conf.o
LOAD ./Dave/Generated/ADC_MEASUREMENT/adc_measurement.o
LOAD ./Dave/Generated/ADC_MEASUREMENT/adc_measurement_conf.o
LOAD ./Dave/Generated/DAVE.o
LOAD ./infrarot.o
LOAD ./main.o
LOAD ./ultraschall.o
LOAD c:/infineon/tools/dave ide/4.5.0.202105191637/eclipse/arm-gcc-49/bin/../lib/gcc/arm-none-eabi/4.9.3/../../../../arm-none-eabi/lib/armv7e-m/softfp\libm.a
START GROUP
LOAD c:/infineon/tools/dave ide/4.5.0.202105191637/eclipse/arm-gcc-49/bin/../lib/gcc/arm-none-eabi/4.9.3/armv7e-m/softfp\libgcc.a
LOAD c:/infineon/tools/dave ide/4.5.0.202105191637/eclipse/arm-gcc-49/bin/../lib/gcc/arm-none-eabi/4.9.3/../../../../arm-none-eabi/lib/armv7e-m/softfp\libg_nano.a
LOAD c:/infineon/tools/dave ide/4.5.0.202105191637/eclipse/arm-gcc-49/bin/../lib/gcc/arm-none-eabi/4.9.3/../../../../arm-none-eabi/lib/armv7e-m/softfp\libc_nano.a
END GROUP
START GROUP
LOAD c:/infineon/tools/dave ide/4.5.0.202105191637/eclipse/arm-gcc-49/bin/../lib/gcc/arm-none-eabi/4.9.3/armv7e-m/softfp\libgcc.a
LOAD c:/infineon/tools/dave ide/4.5.0.202105191637/eclipse/arm-gcc-49/bin/../lib/gcc/arm-none-eabi/4.9.3/../../../../arm-none-eabi/lib/armv7e-m/softfp\libc_nano.a
LOAD c:/infineon/tools/dave ide/4.5.0.202105191637/eclipse/arm-gcc-49/bin/../lib/gcc/arm-none-eabi/4.9.3/../../../../arm-none-eabi/lib/armv7e-m/softfp\libnosys.a
END GROUP
START GROUP
LOAD c:/infineon/tools/dave ide/4.5.0.202105191637/eclipse/arm-gcc-49/bin/../lib/gcc/arm-none-eabi/4.9.3/armv7e-m/softfp\libgcc.a
LOAD c:/infineon/tools/dave ide/4.5.0.202105191637/eclipse/arm-gcc-49/bin/../lib/gcc/arm-none-eabi/4.9.3/../../../../arm-none-eabi/lib/armv7e-m/softfp\libc_nano.a
LOAD c:/infineon/tools/dave ide/4.5.0.202105191637/eclipse/arm-gcc-49/bin/../lib/gcc/arm-none-eabi/4.9.3/../../../../arm-none-eabi/lib/armv7e-m/softfp\libnosys.a
END GROUP
                0x00000800                stack_size = DEFINED (stack_size)?stack_size:0x800
                0x00000040                no_init_size = 0x40

.text           0x08000000     0x7a1c load address 0x0c000000
                0x08000000                sText = .
 *(.reset)
 .reset         0x08000000      0x29c ./Startup/startup_XMC4700.o
                0x08000000                __Vectors
                0x08000200                Reset_Handler
                0x08000298                DSD0_7_IRQHandler
                0x08000298                DebugMon_Handler
                0x08000298                VADC0_C0_0_IRQHandler
                0x08000298                CAN0_4_IRQHandler
                0x08000298                VADC0_G2_0_IRQHandler
                0x08000298                USIC0_5_IRQHandler
                0x08000298                POSIF0_0_IRQHandler
                0x08000298                POSIF1_0_IRQHandler
                0x08000298                HardFault_Handler
                0x08000298                VADC0_G1_1_IRQHandler
                0x08000298                PendSV_Handler
                0x08000298                NMI_Handler
                0x08000298                USIC1_3_IRQHandler
                0x08000298                CCU40_2_IRQHandler
                0x08000298                SCU_0_IRQHandler
                0x08000298                ERU0_0_IRQHandler
                0x08000298                CCU41_0_IRQHandler
                0x08000298                USIC1_5_IRQHandler
                0x08000298                DSD0_4_IRQHandler
                0x08000298                CCU80_1_IRQHandler
                0x08000298                CCU81_0_IRQHandler
                0x08000298                UsageFault_Handler
                0x08000298                USIC0_0_IRQHandler
                0x08000298                POSIF1_1_IRQHandler
                0x08000298                ERU0_2_IRQHandler
                0x08000298                CCU81_1_IRQHandler
                0x08000298                ERU1_1_IRQHandler
                0x08000298                VADC0_G2_3_IRQHandler
                0x08000298                VADC0_G2_2_IRQHandler
                0x08000298                CCU42_3_IRQHandler
                0x08000298                DSD0_5_IRQHandler
                0x08000298                VADC0_C0_3_IRQHandler
                0x08000298                CAN0_6_IRQHandler
                0x08000298                CCU43_0_IRQHandler
                0x08000298                VADC0_G0_1_IRQHandler
                0x08000298                CCU81_2_IRQHandler
                0x08000298                USIC2_4_IRQHandler
                0x08000298                CCU81_3_IRQHandler
                0x08000298                USIC1_1_IRQHandler
                0x08000298                USIC2_5_IRQHandler
                0x08000298                CCU40_0_IRQHandler
                0x08000298                CAN0_0_IRQHandler
                0x08000298                ERU1_0_IRQHandler
                0x08000298                CCU42_2_IRQHandler
                0x08000298                Default_Handler
                0x08000298                USIC1_4_IRQHandler
                0x08000298                ERU1_3_IRQHandler
                0x08000298                USIC1_0_IRQHandler
                0x08000298                POSIF0_1_IRQHandler
                0x08000298                VADC0_G0_0_IRQHandler
                0x08000298                DSD0_2_IRQHandler
                0x08000298                CCU80_3_IRQHandler
                0x08000298                CCU41_3_IRQHandler
                0x08000298                CCU80_2_IRQHandler
                0x08000298                VADC0_G1_3_IRQHandler
                0x08000298                VADC0_G0_3_IRQHandler
                0x08000298                GPDMA0_0_IRQHandler
                0x08000298                PMU0_0_IRQHandler
                0x08000298                CAN0_7_IRQHandler
                0x08000298                DSD0_1_IRQHandler
                0x08000298                CCU41_2_IRQHandler
                0x08000298                VADC0_C0_1_IRQHandler
                0x08000298                CCU43_2_IRQHandler
                0x08000298                MemManage_Handler
                0x08000298                VADC0_G3_1_IRQHandler
                0x08000298                DAC0_0_IRQHandler
                0x08000298                SVC_Handler
                0x08000298                VADC0_G3_3_IRQHandler
                0x08000298                ERU1_2_IRQHandler
                0x08000298                CCU41_1_IRQHandler
                0x08000298                DSD0_6_IRQHandler
                0x08000298                CCU43_1_IRQHandler
                0x08000298                VADC0_G1_2_IRQHandler
                0x08000298                USIC2_3_IRQHandler
                0x08000298                CAN0_2_IRQHandler
                0x08000298                USIC2_0_IRQHandler
                0x08000298                VADC0_G0_2_IRQHandler
                0x08000298                VADC0_G2_1_IRQHandler
                0x08000298                CAN0_3_IRQHandler
                0x08000298                ETH0_0_IRQHandler
                0x08000298                USIC0_3_IRQHandler
                0x08000298                DSD0_0_IRQHandler
                0x08000298                VADC0_C0_2_IRQHandler
                0x08000298                CCU42_0_IRQHandler
                0x08000298                FCE0_0_IRQHandler
                0x08000298                VADC0_G1_0_IRQHandler
                0x08000298                USB0_0_IRQHandler
                0x08000298                CAN0_5_IRQHandler
                0x08000298                CCU80_0_IRQHandler
                0x08000298                CCU40_1_IRQHandler
                0x08000298                USIC2_1_IRQHandler
                0x08000298                USIC0_1_IRQHandler
                0x08000298                VADC0_G3_2_IRQHandler
                0x08000298                CCU40_3_IRQHandler
                0x08000298                BusFault_Handler
                0x08000298                LEDTS0_0_IRQHandler
                0x08000298                USIC0_4_IRQHandler
                0x08000298                CCU43_3_IRQHandler
                0x08000298                ERU0_1_IRQHandler
                0x08000298                VADC0_G3_0_IRQHandler
                0x08000298                USIC1_2_IRQHandler
                0x08000298                DSD0_3_IRQHandler
                0x08000298                SDMMC0_0_IRQHandler
                0x08000298                CAN0_1_IRQHandler
                0x08000298                USIC0_2_IRQHandler
                0x08000298                DAC0_1_IRQHandler
                0x08000298                GPDMA1_0_IRQHandler
 *(.text .text.* .gnu.linkonce.t.*)
 .text.SystemInit
                0x0800029c       0x20 ./Startup/system_XMC4700.o
                0x0800029c                SystemInit
 .text.SystemCoreClockUpdate
                0x080002bc       0xd4 ./Startup/system_XMC4700.o
                0x080002bc                SystemCoreClockUpdate
 .text.XMC_ERU_Enable
                0x08000390       0x2c ./Libraries/XMCLib/src/xmc4_eru.o
                0x08000390                XMC_ERU_Enable
 .text.XMC_GPIO_Init
                0x080003bc      0x14c ./Libraries/XMCLib/src/xmc4_gpio.o
                0x080003bc                XMC_GPIO_Init
 .text.XMC_SCU_CLOCK_GetCpuClockFrequency
                0x08000508       0x18 ./Libraries/XMCLib/src/xmc4_scu.o
 .text.XMC_SCU_GetMirrorStatus
                0x08000520       0x18 ./Libraries/XMCLib/src/xmc4_scu.o
 .text.XMC_SCU_lDelay
                0x08000538       0x44 ./Libraries/XMCLib/src/xmc4_scu.o
 .text.XMC_SCU_INTERUPT_GetEventStatus
                0x0800057c       0x18 ./Libraries/XMCLib/src/xmc4_scu.o
                0x0800057c                XMC_SCU_INTERUPT_GetEventStatus
 .text.XMC_SCU_INTERRUPT_ClearEventStatus
                0x08000594       0x1c ./Libraries/XMCLib/src/xmc4_scu.o
                0x08000594                XMC_SCU_INTERRUPT_ClearEventStatus
 .text.XMC_SCU_CLOCK_Init
                0x080005b0       0xf8 ./Libraries/XMCLib/src/xmc4_scu.o
                0x080005b0                XMC_SCU_CLOCK_Init
 .text.XMC_SCU_RESET_DeassertPeripheralReset
                0x080006a8       0x38 ./Libraries/XMCLib/src/xmc4_scu.o
                0x080006a8                XMC_SCU_RESET_DeassertPeripheralReset
 .text.XMC_SCU_RESET_IsPeripheralResetAsserted
                0x080006e0       0x48 ./Libraries/XMCLib/src/xmc4_scu.o
                0x080006e0                XMC_SCU_RESET_IsPeripheralResetAsserted
 .text.XMC_SCU_CLOCK_GetPeripheralClockFrequency
                0x08000728       0x20 ./Libraries/XMCLib/src/xmc4_scu.o
                0x08000728                XMC_SCU_CLOCK_GetPeripheralClockFrequency
 .text.XMC_SCU_CLOCK_SetSystemClockSource
                0x08000748       0x28 ./Libraries/XMCLib/src/xmc4_scu.o
                0x08000748                XMC_SCU_CLOCK_SetSystemClockSource
 .text.XMC_SCU_CLOCK_SetUsbClockSource
                0x08000770       0x28 ./Libraries/XMCLib/src/xmc4_scu.o
                0x08000770                XMC_SCU_CLOCK_SetUsbClockSource
 .text.XMC_SCU_CLOCK_SetWdtClockSource
                0x08000798       0x28 ./Libraries/XMCLib/src/xmc4_scu.o
                0x08000798                XMC_SCU_CLOCK_SetWdtClockSource
 .text.XMC_SCU_CLOCK_SetSystemPllClockSource
                0x080007c0       0x40 ./Libraries/XMCLib/src/xmc4_scu.o
                0x080007c0                XMC_SCU_CLOCK_SetSystemPllClockSource
 .text.XMC_SCU_HIB_SetRtcClockSource
                0x08000800       0x3c ./Libraries/XMCLib/src/xmc4_scu.o
                0x08000800                XMC_SCU_HIB_SetRtcClockSource
 .text.XMC_SCU_HIB_SetStandbyClockSource
                0x0800083c       0x3c ./Libraries/XMCLib/src/xmc4_scu.o
                0x0800083c                XMC_SCU_HIB_SetStandbyClockSource
 .text.XMC_SCU_CLOCK_SetSystemClockDivider
                0x08000878       0x28 ./Libraries/XMCLib/src/xmc4_scu.o
                0x08000878                XMC_SCU_CLOCK_SetSystemClockDivider
 .text.XMC_SCU_CLOCK_SetCcuClockDivider
                0x080008a0       0x28 ./Libraries/XMCLib/src/xmc4_scu.o
                0x080008a0                XMC_SCU_CLOCK_SetCcuClockDivider
 .text.XMC_SCU_CLOCK_SetCpuClockDivider
                0x080008c8       0x28 ./Libraries/XMCLib/src/xmc4_scu.o
                0x080008c8                XMC_SCU_CLOCK_SetCpuClockDivider
 .text.XMC_SCU_CLOCK_SetPeripheralClockDivider
                0x080008f0       0x28 ./Libraries/XMCLib/src/xmc4_scu.o
                0x080008f0                XMC_SCU_CLOCK_SetPeripheralClockDivider
 .text.XMC_SCU_CLOCK_SetUsbClockDivider
                0x08000918       0x28 ./Libraries/XMCLib/src/xmc4_scu.o
                0x08000918                XMC_SCU_CLOCK_SetUsbClockDivider
 .text.XMC_SCU_CLOCK_SetEbuClockDivider
                0x08000940       0x28 ./Libraries/XMCLib/src/xmc4_scu.o
                0x08000940                XMC_SCU_CLOCK_SetEbuClockDivider
 .text.XMC_SCU_CLOCK_SetWdtClockDivider
                0x08000968       0x28 ./Libraries/XMCLib/src/xmc4_scu.o
                0x08000968                XMC_SCU_CLOCK_SetWdtClockDivider
 .text.XMC_SCU_CLOCK_EnableClock
                0x08000990       0x20 ./Libraries/XMCLib/src/xmc4_scu.o
                0x08000990                XMC_SCU_CLOCK_EnableClock
 .text.XMC_SCU_CLOCK_UngatePeripheralClock
                0x080009b0       0x38 ./Libraries/XMCLib/src/xmc4_scu.o
                0x080009b0                XMC_SCU_CLOCK_UngatePeripheralClock
 .text.XMC_SCU_CLOCK_IsPeripheralClockGated
                0x080009e8       0x48 ./Libraries/XMCLib/src/xmc4_scu.o
                0x080009e8                XMC_SCU_CLOCK_IsPeripheralClockGated
 .text.XMC_SCU_CLOCK_EnableUsbPll
                0x08000a30       0x20 ./Libraries/XMCLib/src/xmc4_scu.o
                0x08000a30                XMC_SCU_CLOCK_EnableUsbPll
 .text.XMC_SCU_CLOCK_StartUsbPll
                0x08000a50       0xb4 ./Libraries/XMCLib/src/xmc4_scu.o
                0x08000a50                XMC_SCU_CLOCK_StartUsbPll
 .text.XMC_SCU_CLOCK_SetBackupClockCalibrationMode
                0x08000b04       0x4c ./Libraries/XMCLib/src/xmc4_scu.o
                0x08000b04                XMC_SCU_CLOCK_SetBackupClockCalibrationMode
 .text.XMC_SCU_HIB_EnableHibernateDomain
                0x08000b50       0x58 ./Libraries/XMCLib/src/xmc4_scu.o
                0x08000b50                XMC_SCU_HIB_EnableHibernateDomain
 .text.XMC_SCU_CLOCK_IsLowPowerOscillatorStable
                0x08000ba8       0x24 ./Libraries/XMCLib/src/xmc4_scu.o
                0x08000ba8                XMC_SCU_CLOCK_IsLowPowerOscillatorStable
 .text.XMC_SCU_CLOCK_EnableLowPowerOscillator
                0x08000bcc       0x70 ./Libraries/XMCLib/src/xmc4_scu.o
                0x08000bcc                XMC_SCU_CLOCK_EnableLowPowerOscillator
 .text.XMC_SCU_CLOCK_EnableHighPerformanceOscillator
                0x08000c3c       0x50 ./Libraries/XMCLib/src/xmc4_scu.o
                0x08000c3c                XMC_SCU_CLOCK_EnableHighPerformanceOscillator
 .text.XMC_SCU_CLOCK_IsHighPerformanceOscillatorStable
                0x08000c8c       0x28 ./Libraries/XMCLib/src/xmc4_scu.o
                0x08000c8c                XMC_SCU_CLOCK_IsHighPerformanceOscillatorStable
 .text.XMC_SCU_CLOCK_EnableSystemPll
                0x08000cb4       0x20 ./Libraries/XMCLib/src/xmc4_scu.o
                0x08000cb4                XMC_SCU_CLOCK_EnableSystemPll
 .text.XMC_SCU_CLOCK_DisableSystemPll
                0x08000cd4       0x20 ./Libraries/XMCLib/src/xmc4_scu.o
                0x08000cd4                XMC_SCU_CLOCK_DisableSystemPll
 .text.XMC_SCU_CLOCK_StartSystemPll
                0x08000cf4      0x19c ./Libraries/XMCLib/src/xmc4_scu.o
                0x08000cf4                XMC_SCU_CLOCK_StartSystemPll
 .text.XMC_SCU_CLOCK_StepSystemPllFrequency
                0x08000e90       0x3c ./Libraries/XMCLib/src/xmc4_scu.o
                0x08000e90                XMC_SCU_CLOCK_StepSystemPllFrequency
 .text.XMC_CCU4_StartPrescaler
                0x08000ecc       0x1c ./Libraries/XMCLib/src/xmc_ccu4.o
 .text.XMC_CCU4_lDeassertReset
                0x08000ee8       0x60 ./Libraries/XMCLib/src/xmc_ccu4.o
 .text.XMC_CCU4_lUngateClock
                0x08000f48       0x60 ./Libraries/XMCLib/src/xmc_ccu4.o
 .text.XMC_CCU4_EnableModule
                0x08000fa8       0x20 ./Libraries/XMCLib/src/xmc_ccu4.o
                0x08000fa8                XMC_CCU4_EnableModule
 .text.XMC_CCU4_Init
                0x08000fc8       0x3c ./Libraries/XMCLib/src/xmc_ccu4.o
                0x08000fc8                XMC_CCU4_Init
 .text.XMC_CCU4_SLICE_CompareInit
                0x08001004       0x6c ./Libraries/XMCLib/src/xmc_ccu4.o
                0x08001004                XMC_CCU4_SLICE_CompareInit
 .text.XMC_CCU4_SLICE_CaptureInit
                0x08001070       0x4c ./Libraries/XMCLib/src/xmc_ccu4.o
                0x08001070                XMC_CCU4_SLICE_CaptureInit
 .text.XMC_CCU4_SLICE_Capture0Config
                0x080010bc       0x34 ./Libraries/XMCLib/src/xmc_ccu4.o
                0x080010bc                XMC_CCU4_SLICE_Capture0Config
 .text.XMC_CCU4_SLICE_Capture1Config
                0x080010f0       0x34 ./Libraries/XMCLib/src/xmc_ccu4.o
                0x080010f0                XMC_CCU4_SLICE_Capture1Config
 .text.XMC_CCU4_SLICE_ConfigureEvent
                0x08001124       0xd4 ./Libraries/XMCLib/src/xmc_ccu4.o
                0x08001124                XMC_CCU4_SLICE_ConfigureEvent
 .text.XMC_CCU4_SLICE_SetInterruptNode
                0x080011f8       0xc8 ./Libraries/XMCLib/src/xmc_ccu4.o
                0x080011f8                XMC_CCU4_SLICE_SetInterruptNode
 .text.XMC_CCU8_StartPrescaler
                0x080012c0       0x1c ./Libraries/XMCLib/src/xmc_ccu8.o
 .text.XMC_CCU8_SLICE_StopTimer
                0x080012dc       0x18 ./Libraries/XMCLib/src/xmc_ccu8.o
 .text.XMC_CCU8_lDeassertReset
                0x080012f4       0x38 ./Libraries/XMCLib/src/xmc_ccu8.o
 .text.XMC_CCU8_lUngateClock
                0x0800132c       0x38 ./Libraries/XMCLib/src/xmc_ccu8.o
 .text.XMC_CCU8_EnableModule
                0x08001364       0x20 ./Libraries/XMCLib/src/xmc_ccu8.o
                0x08001364                XMC_CCU8_EnableModule
 .text.XMC_CCU8_Init
                0x08001384       0x3c ./Libraries/XMCLib/src/xmc_ccu8.o
                0x08001384                XMC_CCU8_Init
 .text.XMC_CCU8_SLICE_CompareInit
                0x080013c0       0x74 ./Libraries/XMCLib/src/xmc_ccu8.o
                0x080013c0                XMC_CCU8_SLICE_CompareInit
 .text.XMC_CCU8_SLICE_SetTimerPeriodMatch
                0x08001434       0x1c ./Libraries/XMCLib/src/xmc_ccu8.o
                0x08001434                XMC_CCU8_SLICE_SetTimerPeriodMatch
 .text.XMC_CCU8_SLICE_SetTimerCompareMatch
                0x08001450       0x30 ./Libraries/XMCLib/src/xmc_ccu8.o
                0x08001450                XMC_CCU8_SLICE_SetTimerCompareMatch
 .text.XMC_CCU8_SLICE_SetInterruptNode
                0x08001480       0xd0 ./Libraries/XMCLib/src/xmc_ccu8.o
                0x08001480                XMC_CCU8_SLICE_SetInterruptNode
 .text.XMC_ERU_ETL_Init
                0x08001550       0x4c ./Libraries/XMCLib/src/xmc_eru.o
                0x08001550                XMC_ERU_ETL_Init
 .text.XMC_ERU_OGU_SetServiceRequestMode
                0x0800159c       0x3c ./Libraries/XMCLib/src/xmc_eru.o
                0x0800159c                XMC_ERU_OGU_SetServiceRequestMode
 .text.XMC_GPIO_SetHardwareControl
                0x080015d8       0x44 ./Libraries/XMCLib/src/xmc_gpio.o
                0x080015d8                XMC_GPIO_SetHardwareControl
 .text.XMC_USIC_CH_GetTransmitBufferStatus
                0x0800161c       0x20 ./Libraries/XMCLib/src/xmc_uart.o
 .text.XMC_UART_CH_ClearStatusFlag
                0x0800163c       0x1c ./Libraries/XMCLib/src/xmc_uart.o
 .text.XMC_UART_CH_InitEx
                0x08001658       0xd4 ./Libraries/XMCLib/src/xmc_uart.o
                0x08001658                XMC_UART_CH_InitEx
 .text.XMC_UART_CH_Transmit
                0x0800172c       0x4c ./Libraries/XMCLib/src/xmc_uart.o
                0x0800172c                XMC_UART_CH_Transmit
 .text.XMC_UART_CH_GetReceivedData
                0x08001778       0x34 ./Libraries/XMCLib/src/xmc_uart.o
                0x08001778                XMC_UART_CH_GetReceivedData
 .text.XMC_USIC_CH_Enable
                0x080017ac       0x98 ./Libraries/XMCLib/src/xmc_usic.o
                0x080017ac                XMC_USIC_CH_Enable
 .text.XMC_USIC_CH_SetBaudrate
                0x08001844       0xe4 ./Libraries/XMCLib/src/xmc_usic.o
                0x08001844                XMC_USIC_CH_SetBaudrate
 .text.XMC_USIC_CH_SetBaudrateEx
                0x08001928      0x100 ./Libraries/XMCLib/src/xmc_usic.o
                0x08001928                XMC_USIC_CH_SetBaudrateEx
 .text.XMC_USIC_CH_TXFIFO_Configure
                0x08001a28       0x50 ./Libraries/XMCLib/src/xmc_usic.o
                0x08001a28                XMC_USIC_CH_TXFIFO_Configure
 .text.XMC_USIC_CH_RXFIFO_Configure
                0x08001a78       0x54 ./Libraries/XMCLib/src/xmc_usic.o
                0x08001a78                XMC_USIC_CH_RXFIFO_Configure
 .text.XMC_USIC_CH_SetInterruptNodePointer
                0x08001acc       0x38 ./Libraries/XMCLib/src/xmc_usic.o
                0x08001acc                XMC_USIC_CH_SetInterruptNodePointer
 .text.XMC_USIC_CH_TXFIFO_SetInterruptNodePointer
                0x08001b04       0x3c ./Libraries/XMCLib/src/xmc_usic.o
                0x08001b04                XMC_USIC_CH_TXFIFO_SetInterruptNodePointer
 .text.XMC_USIC_Enable
                0x08001b40       0xc0 ./Libraries/XMCLib/src/xmc_usic.o
                0x08001b40                XMC_USIC_Enable
 .text.XMC_VADC_GROUP_ExternalMuxControlInit
                0x08001c00       0x7c ./Libraries/XMCLib/src/xmc_vadc.o
 .text.XMC_VADC_GROUP_BackgroundEnableArbitrationSlot
                0x08001c7c       0x24 ./Libraries/XMCLib/src/xmc_vadc.o
 .text.XMC_VADC_GROUP_BackgroundDisableArbitrationSlot
                0x08001ca0       0x24 ./Libraries/XMCLib/src/xmc_vadc.o
 .text.XMC_VADC_GLOBAL_EnableModule
                0x08001cc4       0x14 ./Libraries/XMCLib/src/xmc_vadc.o
                0x08001cc4                XMC_VADC_GLOBAL_EnableModule
 .text.XMC_VADC_GLOBAL_Init
                0x08001cd8       0x54 ./Libraries/XMCLib/src/xmc_vadc.o
                0x08001cd8                XMC_VADC_GLOBAL_Init
 .text.XMC_VADC_GLOBAL_InputClassInit
                0x08001d2c       0x48 ./Libraries/XMCLib/src/xmc_vadc.o
                0x08001d2c                XMC_VADC_GLOBAL_InputClassInit
 .text.XMC_VADC_GLOBAL_StartupCalibration
                0x08001d74       0x64 ./Libraries/XMCLib/src/xmc_vadc.o
                0x08001d74                XMC_VADC_GLOBAL_StartupCalibration
 .text.XMC_VADC_GLOBAL_BackgroundSetReqSrcEventInterruptNode
                0x08001dd8       0x48 ./Libraries/XMCLib/src/xmc_vadc.o
                0x08001dd8                XMC_VADC_GLOBAL_BackgroundSetReqSrcEventInterruptNode
 .text.XMC_VADC_GROUP_Init
                0x08001e20       0x68 ./Libraries/XMCLib/src/xmc_vadc.o
                0x08001e20                XMC_VADC_GROUP_Init
 .text.XMC_VADC_GROUP_InputClassInit
                0x08001e88       0xb8 ./Libraries/XMCLib/src/xmc_vadc.o
                0x08001e88                XMC_VADC_GROUP_InputClassInit
 .text.XMC_VADC_GROUP_SetPowerMode
                0x08001f40       0x38 ./Libraries/XMCLib/src/xmc_vadc.o
                0x08001f40                XMC_VADC_GROUP_SetPowerMode
 .text.XMC_VADC_GLOBAL_BackgroundInit
                0x08001f78       0xfc ./Libraries/XMCLib/src/xmc_vadc.o
                0x08001f78                XMC_VADC_GLOBAL_BackgroundInit
 .text.XMC_VADC_GROUP_ChannelInit
                0x08002074       0xdc ./Libraries/XMCLib/src/xmc_vadc.o
                0x08002074                XMC_VADC_GROUP_ChannelInit
 .text._sbrk    0x08002150       0x68 ./Libraries/Newlib/syscalls.o
                0x08002150                _sbrk
 .text._init    0x080021b8        0xc ./Libraries/Newlib/syscalls.o
                0x080021b8                _init
 .text.XMC_USIC_CH_DisableEvent
                0x080021c4       0x24 ./Dave/Generated/UART/uart.o
 .text.XMC_USIC_CH_GetTransmitBufferStatus
                0x080021e8       0x20 ./Dave/Generated/UART/uart.o
 .text.XMC_USIC_CH_TXFIFO_DisableEvent
                0x08002208       0x28 ./Dave/Generated/UART/uart.o
 .text.XMC_USIC_CH_TXFIFO_IsFull
                0x08002230       0x28 ./Dave/Generated/UART/uart.o
 .text.XMC_USIC_CH_TXFIFO_IsEmpty
                0x08002258       0x28 ./Dave/Generated/UART/uart.o
 .text.XMC_USIC_CH_RXFIFO_Flush
                0x08002280       0x1c ./Dave/Generated/UART/uart.o
 .text.XMC_USIC_CH_RXFIFO_IsEmpty
                0x0800229c       0x28 ./Dave/Generated/UART/uart.o
 .text.XMC_UART_CH_GetStatusFlag
                0x080022c4       0x18 ./Dave/Generated/UART/uart.o
 .text.XMC_UART_CH_ClearStatusFlag
                0x080022dc       0x1c ./Dave/Generated/UART/uart.o
 .text.UART_Init
                0x080022f8       0x24 ./Dave/Generated/UART/uart.o
                0x080022f8                UART_Init
 .text.UART_Receive
                0x0800231c       0x38 ./Dave/Generated/UART/uart.o
                0x0800231c                UART_Receive
 .text.UART_lStartReceivePolling
                0x08002354       0xe4 ./Dave/Generated/UART/uart.o
 .text.UART_lTransmitHandler
                0x08002438      0x10c ./Dave/Generated/UART/uart.o
                0x08002438                UART_lTransmitHandler
 .text.__NVIC_GetPriorityGrouping
                0x08002544       0x1c ./Dave/Generated/UART/uart_conf.o
 .text.__NVIC_EnableIRQ
                0x08002560       0x38 ./Dave/Generated/UART/uart_conf.o
 .text.__NVIC_SetPriority
                0x08002598       0x54 ./Dave/Generated/UART/uart_conf.o
 .text.NVIC_EncodePriority
                0x080025ec       0x64 ./Dave/Generated/UART/uart_conf.o
 .text.XMC_USIC_CH_SetInputSource
                0x08002650       0x3c ./Dave/Generated/UART/uart_conf.o
 .text.XMC_UART_CH_Init
                0x0800268c       0x1c ./Dave/Generated/UART/uart_conf.o
 .text.XMC_UART_CH_Start
                0x080026a8       0x24 ./Dave/Generated/UART/uart_conf.o
 .text.UART_PROTOKOLL_init
                0x080026cc       0xb8 ./Dave/Generated/UART/uart_conf.o
                0x080026cc                UART_PROTOKOLL_init
 .text.USIC2_2_IRQHandler
                0x08002784       0x10 ./Dave/Generated/UART/uart_conf.o
                0x08002784                USIC2_2_IRQHandler
 .text.XMC_CCU4_EnableClock
                0x08002794       0x20 ./Dave/Generated/TIMER/timer.o
 .text.XMC_CCU4_SLICE_StartTimer
                0x080027b4       0x18 ./Dave/Generated/TIMER/timer.o
 .text.XMC_CCU4_SLICE_ClearTimer
                0x080027cc       0x18 ./Dave/Generated/TIMER/timer.o
 .text.XMC_CCU4_SLICE_SetTimerPeriodMatch
                0x080027e4       0x1c ./Dave/Generated/TIMER/timer.o
 .text.XMC_CCU4_SLICE_SetTimerCompareMatch
                0x08002800       0x1c ./Dave/Generated/TIMER/timer.o
 .text.XMC_CCU4_EnableShadowTransfer
                0x0800281c       0x1c ./Dave/Generated/TIMER/timer.o
 .text.XMC_CCU4_SLICE_EnableEvent
                0x08002838       0x2c ./Dave/Generated/TIMER/timer.o
 .text.TIMER_Init
                0x08002864       0x3c ./Dave/Generated/TIMER/timer.o
                0x08002864                TIMER_Init
 .text.TIMER_CCU4_lInit
                0x080028a0       0x98 ./Dave/Generated/TIMER/timer.o
                0x080028a0                TIMER_CCU4_lInit
 .text.TIMER_CCU4_lShadowTransfer
                0x08002938       0x3c ./Dave/Generated/TIMER/timer.o
                0x08002938                TIMER_CCU4_lShadowTransfer
 .text.__NVIC_GetPriorityGrouping
                0x08002974       0x1c ./Dave/Generated/SYSTIMER/systimer.o
 .text.__NVIC_SetPriority
                0x08002990       0x54 ./Dave/Generated/SYSTIMER/systimer.o
 .text.NVIC_EncodePriority
                0x080029e4       0x64 ./Dave/Generated/SYSTIMER/systimer.o
 .text.SysTick_Config
                0x08002a48       0x44 ./Dave/Generated/SYSTIMER/systimer.o
 .text.SYSTIMER_lInsertTimerList
                0x08002a8c      0x1c4 ./Dave/Generated/SYSTIMER/systimer.o
 .text.SYSTIMER_lRemoveTimerList
                0x08002c50       0xc0 ./Dave/Generated/SYSTIMER/systimer.o
 .text.SYSTIMER_lTimerHandler
                0x08002d10       0xcc ./Dave/Generated/SYSTIMER/systimer.o
 .text.SysTick_Handler
                0x08002ddc       0x48 ./Dave/Generated/SYSTIMER/systimer.o
                0x08002ddc                SysTick_Handler
 .text.SYSTIMER_Init
                0x08002e24       0x74 ./Dave/Generated/SYSTIMER/systimer.o
                0x08002e24                SYSTIMER_Init
 .text.SYSTIMER_CreateTimer
                0x08002e98      0x13c ./Dave/Generated/SYSTIMER/systimer.o
                0x08002e98                SYSTIMER_CreateTimer
 .text.SYSTIMER_StartTimer
                0x08002fd4       0x80 ./Dave/Generated/SYSTIMER/systimer.o
                0x08002fd4                SYSTIMER_StartTimer
 .text.SYSTIMER_StopTimer
                0x08003054       0x70 ./Dave/Generated/SYSTIMER/systimer.o
                0x08003054                SYSTIMER_StopTimer
 .text.SYSTIMER_RestartTimer
                0x080030c4       0x98 ./Dave/Generated/SYSTIMER/systimer.o
                0x080030c4                SYSTIMER_RestartTimer
 .text.XMC_CCU4_EnableClock
                0x0800315c       0x20 ./Dave/Generated/PWM/pwm.o
 .text.XMC_CCU4_SLICE_StartTimer
                0x0800317c       0x18 ./Dave/Generated/PWM/pwm.o
 .text.XMC_CCU4_SLICE_SetTimerPeriodMatch
                0x08003194       0x1c ./Dave/Generated/PWM/pwm.o
 .text.XMC_CCU4_SLICE_SetTimerCompareMatch
                0x080031b0       0x1c ./Dave/Generated/PWM/pwm.o
 .text.XMC_CCU4_EnableShadowTransfer
                0x080031cc       0x1c ./Dave/Generated/PWM/pwm.o
 .text.XMC_CCU4_SLICE_EnableEvent
                0x080031e8       0x2c ./Dave/Generated/PWM/pwm.o
 .text.XMC_CCU8_EnableClock
                0x08003214       0x20 ./Dave/Generated/PWM/pwm.o
 .text.XMC_CCU8_SLICE_StartTimer
                0x08003234       0x18 ./Dave/Generated/PWM/pwm.o
 .text.XMC_CCU8_EnableShadowTransfer
                0x0800324c       0x1c ./Dave/Generated/PWM/pwm.o
 .text.XMC_CCU8_SLICE_EnableEvent
                0x08003268       0x2c ./Dave/Generated/PWM/pwm.o
 .text.PWM_lCCU4_Init
                0x08003294       0xbc ./Dave/Generated/PWM/pwm.o
                0x08003294                PWM_lCCU4_Init
 .text.PWM_lCCU4_ConfigInterrupts
                0x08003350       0x64 ./Dave/Generated/PWM/pwm.o
                0x08003350                PWM_lCCU4_ConfigInterrupts
 .text.PWM_lCCU4_Start
                0x080033b4       0x48 ./Dave/Generated/PWM/pwm.o
                0x080033b4                PWM_lCCU4_Start
 .text.PWM_lCCU4_SetDutyCycle
                0x080033fc       0x80 ./Dave/Generated/PWM/pwm.o
                0x080033fc                PWM_lCCU4_SetDutyCycle
 .text.PWM_lCCU8_Init
                0x0800347c       0xc0 ./Dave/Generated/PWM/pwm.o
                0x0800347c                PWM_lCCU8_Init
 .text.PWM_lCCU8_ConfigInterrupts
                0x0800353c       0x64 ./Dave/Generated/PWM/pwm.o
                0x0800353c                PWM_lCCU8_ConfigInterrupts
 .text.PWM_lCCU8_Start
                0x080035a0       0x48 ./Dave/Generated/PWM/pwm.o
                0x080035a0                PWM_lCCU8_Start
 .text.PWM_lCCU8_SetDutyCycle
                0x080035e8       0x84 ./Dave/Generated/PWM/pwm.o
                0x080035e8                PWM_lCCU8_SetDutyCycle
 .text.PWM_Init
                0x0800366c       0x40 ./Dave/Generated/PWM/pwm.o
                0x0800366c                PWM_Init
 .text.PWM_Start
                0x080036ac       0x30 ./Dave/Generated/PWM/pwm.o
                0x080036ac                PWM_Start
 .text.PWM_SetDutyCycle
                0x080036dc       0x44 ./Dave/Generated/PWM/pwm.o
                0x080036dc                PWM_SetDutyCycle
 .text.__NVIC_GetPriorityGrouping
                0x08003720       0x1c ./Dave/Generated/PIN_INTERRUPT/pin_interrupt.o
 .text.__NVIC_EnableIRQ
                0x0800373c       0x38 ./Dave/Generated/PIN_INTERRUPT/pin_interrupt.o
 .text.__NVIC_ClearPendingIRQ
                0x08003774       0x3c ./Dave/Generated/PIN_INTERRUPT/pin_interrupt.o
 .text.__NVIC_SetPriority
                0x080037b0       0x54 ./Dave/Generated/PIN_INTERRUPT/pin_interrupt.o
 .text.NVIC_EncodePriority
                0x08003804       0x64 ./Dave/Generated/PIN_INTERRUPT/pin_interrupt.o
 .text.PIN_INTERRUPT_Init
                0x08003868       0xa0 ./Dave/Generated/PIN_INTERRUPT/pin_interrupt.o
                0x08003868                PIN_INTERRUPT_Init
 .text.__NVIC_GetPriorityGrouping
                0x08003908       0x1c ./Dave/Generated/INTERRUPT/interrupt.o
 .text.__NVIC_EnableIRQ
                0x08003924       0x38 ./Dave/Generated/INTERRUPT/interrupt.o
 .text.__NVIC_SetPriority
                0x0800395c       0x54 ./Dave/Generated/INTERRUPT/interrupt.o
 .text.NVIC_EncodePriority
                0x080039b0       0x64 ./Dave/Generated/INTERRUPT/interrupt.o
 .text.INTERRUPT_Enable
                0x08003a14       0x1c ./Dave/Generated/INTERRUPT/interrupt.o
 .text.INTERRUPT_Init
                0x08003a30       0x4c ./Dave/Generated/INTERRUPT/interrupt.o
                0x08003a30                INTERRUPT_Init
 .text.XMC_CCU8_StartPrescaler
                0x08003a7c       0x1c ./Dave/Generated/GLOBAL_CCU8/global_ccu8.o
 .text.GLOBAL_CCU8_Init
                0x08003a98       0x40 ./Dave/Generated/GLOBAL_CCU8/global_ccu8.o
                0x08003a98                GLOBAL_CCU8_Init
 .text.XMC_CCU4_StartPrescaler
                0x08003ad8       0x1c ./Dave/Generated/GLOBAL_CCU4/global_ccu4.o
 .text.GLOBAL_CCU4_Init
                0x08003af4       0x40 ./Dave/Generated/GLOBAL_CCU4/global_ccu4.o
                0x08003af4                GLOBAL_CCU4_Init
 .text.XMC_VADC_GLOBAL_DisablePostCalibration
                0x08003b34       0x2c ./Dave/Generated/GLOBAL_ADC/global_adc.o
 .text.GLOBAL_ADC_Init
                0x08003b60       0xb0 ./Dave/Generated/GLOBAL_ADC/global_adc.o
                0x08003b60                GLOBAL_ADC_Init
 .text.DIGITAL_IO_Init
                0x08003c10       0x40 ./Dave/Generated/DIGITAL_IO/digital_io.o
                0x08003c10                DIGITAL_IO_Init
 .text.__NVIC_SetPriorityGrouping
                0x08003c50       0x48 ./Dave/Generated/CPU_CTRL_XMC4/cpu_ctrl_xmc4_conf.o
 .text.SystemCoreSetup
                0x08003c98       0xa0 ./Dave/Generated/CPU_CTRL_XMC4/cpu_ctrl_xmc4_conf.o
                0x08003c98                SystemCoreSetup
 .text.CLOCK_XMC4_Init
                0x08003d38       0x20 ./Dave/Generated/CLOCK_XMC4/clock_xmc4.o
                0x08003d38                CLOCK_XMC4_Init
 .text.OSCHP_GetFrequency
                0x08003d58       0x14 ./Dave/Generated/CLOCK_XMC4/clock_xmc4.o
                0x08003d58                OSCHP_GetFrequency
 .text.SystemCoreClockSetup
                0x08003d6c       0x58 ./Dave/Generated/CLOCK_XMC4/clock_xmc4_conf.o
                0x08003d6c                SystemCoreClockSetup
 .text.XMC_CCU4_EnableClock
                0x08003dc4       0x20 ./Dave/Generated/CAPTURE/capture.o
 .text.XMC_CCU4_SLICE_StartTimer
                0x08003de4       0x18 ./Dave/Generated/CAPTURE/capture.o
 .text.XMC_CCU4_SLICE_ClearTimer
                0x08003dfc       0x18 ./Dave/Generated/CAPTURE/capture.o
 .text.XMC_CCU4_SLICE_SetTimerPeriodMatch
                0x08003e14       0x1c ./Dave/Generated/CAPTURE/capture.o
 .text.XMC_CCU4_SLICE_SetTimerCompareMatch
                0x08003e30       0x1c ./Dave/Generated/CAPTURE/capture.o
 .text.XMC_CCU4_EnableShadowTransfer
                0x08003e4c       0x1c ./Dave/Generated/CAPTURE/capture.o
 .text.CAPTURE_Init
                0x08003e68       0x88 ./Dave/Generated/CAPTURE/capture.o
                0x08003e68                CAPTURE_Init
 .text.CAPTURE_Start
                0x08003ef0       0x60 ./Dave/Generated/CAPTURE/capture.o
                0x08003ef0                CAPTURE_Start
 .text.CAPTURE_GetCapturedTimeInNanoSec
                0x08003f50      0x100 ./Dave/Generated/CAPTURE/capture.o
                0x08003f50                CAPTURE_GetCapturedTimeInNanoSec
 .text.CAPTURE_CCU4_lInit
                0x08004050       0x74 ./Dave/Generated/CAPTURE/capture.o
 .text.CAPTURE_CCU4_lShadowTransfer
                0x080040c4       0x3c ./Dave/Generated/CAPTURE/capture.o
 .text.CAPTURE_lCalculateTimeTickFromTimerValue
                0x08004100       0xc8 ./Dave/Generated/CAPTURE/capture.o
 .text.CAPTURE_lCalculateTimeInNanoSecFromTimerTick
                0x080041c8       0xd8 ./Dave/Generated/CAPTURE/capture.o
 .text.CAPTURE_CCU4_lSLICE_GetLastestCapturedTimerValue
                0x080042a0       0x94 ./Dave/Generated/CAPTURE/capture.o
 .text.__NVIC_GetPriorityGrouping
                0x08004334       0x1c ./Dave/Generated/ADC_MEASUREMENT/adc_measurement.o
 .text.__NVIC_EnableIRQ
                0x08004350       0x38 ./Dave/Generated/ADC_MEASUREMENT/adc_measurement.o
 .text.__NVIC_SetPriority
                0x08004388       0x54 ./Dave/Generated/ADC_MEASUREMENT/adc_measurement.o
 .text.NVIC_EncodePriority
                0x080043dc       0x64 ./Dave/Generated/ADC_MEASUREMENT/adc_measurement.o
 .text.XMC_VADC_GLOBAL_BackgroundTriggerConversion
                0x08004440       0x24 ./Dave/Generated/ADC_MEASUREMENT/adc_measurement.o
 .text.XMC_VADC_GLOBAL_BackgroundAddChannelToSequence
                0x08004464       0x38 ./Dave/Generated/ADC_MEASUREMENT/adc_measurement.o
 .text.XMC_VADC_GROUP_ResultInit
                0x0800449c       0x24 ./Dave/Generated/ADC_MEASUREMENT/adc_measurement.o
 .text.XMC_VADC_GROUP_GetResult
                0x080044c0       0x24 ./Dave/Generated/ADC_MEASUREMENT/adc_measurement.o
 .text.ADC_MEASUREMENT_Init
                0x080044e4      0x150 ./Dave/Generated/ADC_MEASUREMENT/adc_measurement.o
                0x080044e4                ADC_MEASUREMENT_Init
 .text.ADC_MEASUREMENT_GetResult
                0x08004634       0x30 ./Dave/Generated/ADC_MEASUREMENT/adc_measurement.o
                0x08004634                ADC_MEASUREMENT_GetResult
 .text.DAVE_Init
                0x08004664      0x13c ./Dave/Generated/DAVE.o
                0x08004664                DAVE_Init
 .text.XMC_GPIO_ToggleOutput
                0x080047a0       0x24 ./infrarot.o
 .text.DIGITAL_IO_ToggleOutput
                0x080047c4       0x20 ./infrarot.o
 .text.IR_ADC_Wert_1ms
                0x080047e4       0xf0 ./infrarot.o
                0x080047e4                IR_ADC_Wert_1ms
 .text.Infrarot_Init
                0x080048d4       0x2c ./infrarot.o
                0x080048d4                Infrarot_Init
 .text.watch_dog
                0x08004900       0x34 ./main.o
                0x08004900                watch_dog
 *fill*         0x08004934        0x4 
 .text.regelung
                0x08004938       0xa8 ./main.o
                0x08004938                regelung
 .text.set_speed
                0x080049e0       0x70 ./main.o
                0x080049e0                set_speed
 .text.pwm_set_lenkung
                0x08004a50       0x68 ./main.o
                0x08004a50                pwm_set_lenkung
 .text.ERU0_3_IRQHandler
                0x08004ab8       0x1c ./main.o
                0x08004ab8                ERU0_3_IRQHandler
 .text.CCU42_1_IRQHandler
                0x08004ad4       0x88 ./main.o
                0x08004ad4                CCU42_1_IRQHandler
 .text.main     0x08004b5c      0x134 ./main.o
                0x08004b5c                main
 .text.Get_Captured_Time_60ms
                0x08004c90       0x60 ./ultraschall.o
                0x08004c90                Get_Captured_Time_60ms
 .text.Ultraschall_Init
                0x08004cf0       0x2c ./ultraschall.o
                0x08004cf0                Ultraschall_Init
 .text          0x08004d1c      0x370 c:/infineon/tools/dave ide/4.5.0.202105191637/eclipse/arm-gcc-49/bin/../lib/gcc/arm-none-eabi/4.9.3/armv7e-m/softfp\libgcc.a(_arm_addsubdf3.o)
                0x08004d1c                __aeabi_drsub
                0x08004d24                __aeabi_dsub
                0x08004d24                __subdf3
                0x08004d28                __aeabi_dadd
                0x08004d28                __adddf3
                0x08004fa0                __floatunsidf
                0x08004fa0                __aeabi_ui2d
                0x08004fc0                __floatsidf
                0x08004fc0                __aeabi_i2d
                0x08004fe4                __aeabi_f2d
                0x08004fe4                __extendsfdf2
                0x08005020                __floatundidf
                0x08005020                __aeabi_ul2d
                0x08005030                __floatdidf
                0x08005030                __aeabi_l2d
 .text          0x0800508c      0x424 c:/infineon/tools/dave ide/4.5.0.202105191637/eclipse/arm-gcc-49/bin/../lib/gcc/arm-none-eabi/4.9.3/armv7e-m/softfp\libgcc.a(_arm_muldivdf3.o)
                0x0800508c                __aeabi_dmul
                0x0800508c                __muldf3
                0x080052e0                __divdf3
                0x080052e0                __aeabi_ddiv
 .text          0x080054b0       0x50 c:/infineon/tools/dave ide/4.5.0.202105191637/eclipse/arm-gcc-49/bin/../lib/gcc/arm-none-eabi/4.9.3/armv7e-m/softfp\libgcc.a(_arm_fixdfsi.o)
                0x080054b0                __aeabi_d2iz
                0x080054b0                __fixdfsi
 .text          0x08005500       0xa0 c:/infineon/tools/dave ide/4.5.0.202105191637/eclipse/arm-gcc-49/bin/../lib/gcc/arm-none-eabi/4.9.3/armv7e-m/softfp\libgcc.a(_arm_truncdfsf2.o)
                0x08005500                __truncdfsf2
                0x08005500                __aeabi_d2f
 .text          0x080055a0       0x2c c:/infineon/tools/dave ide/4.5.0.202105191637/eclipse/arm-gcc-49/bin/../lib/gcc/arm-none-eabi/4.9.3/armv7e-m/softfp\libgcc.a(_aeabi_uldivmod.o)
                0x080055a0                __aeabi_uldivmod
 .text          0x080055cc       0x60 c:/infineon/tools/dave ide/4.5.0.202105191637/eclipse/arm-gcc-49/bin/../lib/gcc/arm-none-eabi/4.9.3/armv7e-m/softfp\libgcc.a(bpabi.o)
                0x080055cc                __gnu_ldivmod_helper
                0x080055fc                __gnu_uldivmod_helper
 .text          0x0800562c        0x4 c:/infineon/tools/dave ide/4.5.0.202105191637/eclipse/arm-gcc-49/bin/../lib/gcc/arm-none-eabi/4.9.3/armv7e-m/softfp\libgcc.a(_dvmd_tls.o)
                0x0800562c                __aeabi_idiv0
                0x0800562c                __aeabi_ldiv0
 .text          0x08005630      0x29c c:/infineon/tools/dave ide/4.5.0.202105191637/eclipse/arm-gcc-49/bin/../lib/gcc/arm-none-eabi/4.9.3/armv7e-m/softfp\libgcc.a(_divdi3.o)
                0x08005630                __divdi3
 .text          0x080058cc      0x26c c:/infineon/tools/dave ide/4.5.0.202105191637/eclipse/arm-gcc-49/bin/../lib/gcc/arm-none-eabi/4.9.3/armv7e-m/softfp\libgcc.a(_udivdi3.o)
                0x080058cc                __udivdi3
 .text.__errno  0x08005b38        0xc c:/infineon/tools/dave ide/4.5.0.202105191637/eclipse/arm-gcc-49/bin/../lib/gcc/arm-none-eabi/4.9.3/../../../../arm-none-eabi/lib/armv7e-m/softfp\libg_nano.a(lib_a-errno.o)
                0x08005b38                __errno
 .text.__libc_init_array
                0x08005b44       0x4c c:/infineon/tools/dave ide/4.5.0.202105191637/eclipse/arm-gcc-49/bin/../lib/gcc/arm-none-eabi/4.9.3/../../../../arm-none-eabi/lib/armv7e-m/softfp\libg_nano.a(lib_a-init.o)
                0x08005b44                __libc_init_array
 .text.memcpy   0x08005b90       0x16 c:/infineon/tools/dave ide/4.5.0.202105191637/eclipse/arm-gcc-49/bin/../lib/gcc/arm-none-eabi/4.9.3/../../../../arm-none-eabi/lib/armv7e-m/softfp\libg_nano.a(lib_a-memcpy.o)
                0x08005b90                memcpy
 .text.memset   0x08005ba6       0x10 c:/infineon/tools/dave ide/4.5.0.202105191637/eclipse/arm-gcc-49/bin/../lib/gcc/arm-none-eabi/4.9.3/../../../../arm-none-eabi/lib/armv7e-m/softfp\libg_nano.a(lib_a-memset.o)
                0x08005ba6                memset
 .text.__cvt    0x08005bb6       0xc0 c:/infineon/tools/dave ide/4.5.0.202105191637/eclipse/arm-gcc-49/bin/../lib/gcc/arm-none-eabi/4.9.3/../../../../arm-none-eabi/lib/armv7e-m/softfp\libg_nano.a(lib_a-nano-vfprintf_float.o)
                0x08005bb6                __cvt
 .text.__exponent
                0x08005c76       0x60 c:/infineon/tools/dave ide/4.5.0.202105191637/eclipse/arm-gcc-49/bin/../lib/gcc/arm-none-eabi/4.9.3/../../../../arm-none-eabi/lib/armv7e-m/softfp\libg_nano.a(lib_a-nano-vfprintf_float.o)
                0x08005c76                __exponent
 *fill*         0x08005cd6        0x2 
 .text._printf_float
                0x08005cd8      0x488 c:/infineon/tools/dave ide/4.5.0.202105191637/eclipse/arm-gcc-49/bin/../lib/gcc/arm-none-eabi/4.9.3/../../../../arm-none-eabi/lib/armv7e-m/softfp\libg_nano.a(lib_a-nano-vfprintf_float.o)
                0x08005cd8                _printf_float
 .text._printf_common
                0x08006160       0xea c:/infineon/tools/dave ide/4.5.0.202105191637/eclipse/arm-gcc-49/bin/../lib/gcc/arm-none-eabi/4.9.3/../../../../arm-none-eabi/lib/armv7e-m/softfp\libg_nano.a(lib_a-nano-vfprintf_i.o)
                0x08006160                _printf_common
 *fill*         0x0800624a        0x2 
 .text.__fpclassifyd
                0x0800624c       0x54 c:/infineon/tools/dave ide/4.5.0.202105191637/eclipse/arm-gcc-49/bin/../lib/gcc/arm-none-eabi/4.9.3/../../../../arm-none-eabi/lib/armv7e-m/softfp\libg_nano.a(lib_a-s_fpclassify.o)
                0x0800624c                __fpclassifyd
 .text.strlen   0x080062a0       0x10 c:/infineon/tools/dave ide/4.5.0.202105191637/eclipse/arm-gcc-49/bin/../lib/gcc/arm-none-eabi/4.9.3/../../../../arm-none-eabi/lib/armv7e-m/softfp\libg_nano.a(lib_a-strlen.o)
                0x080062a0                strlen
 .text.quorem   0x080062b0      0x11a c:/infineon/tools/dave ide/4.5.0.202105191637/eclipse/arm-gcc-49/bin/../lib/gcc/arm-none-eabi/4.9.3/../../../../arm-none-eabi/lib/armv7e-m/softfp\libg_nano.a(lib_a-dtoa.o)
 *fill*         0x080063ca        0x6 
 .text._dtoa_r  0x080063d0      0xb88 c:/infineon/tools/dave ide/4.5.0.202105191637/eclipse/arm-gcc-49/bin/../lib/gcc/arm-none-eabi/4.9.3/../../../../arm-none-eabi/lib/armv7e-m/softfp\libg_nano.a(lib_a-dtoa.o)
                0x080063d0                _dtoa_r
 .text._localeconv_r
                0x08006f58        0x8 c:/infineon/tools/dave ide/4.5.0.202105191637/eclipse/arm-gcc-49/bin/../lib/gcc/arm-none-eabi/4.9.3/../../../../arm-none-eabi/lib/armv7e-m/softfp\libg_nano.a(lib_a-locale.o)
                0x08006f58                _localeconv_r
 .text.malloc   0x08006f60       0x10 c:/infineon/tools/dave ide/4.5.0.202105191637/eclipse/arm-gcc-49/bin/../lib/gcc/arm-none-eabi/4.9.3/../../../../arm-none-eabi/lib/armv7e-m/softfp\libg_nano.a(lib_a-malloc.o)
                0x08006f60                malloc
 .text._Balloc  0x08006f70       0x6a c:/infineon/tools/dave ide/4.5.0.202105191637/eclipse/arm-gcc-49/bin/../lib/gcc/arm-none-eabi/4.9.3/../../../../arm-none-eabi/lib/armv7e-m/softfp\libg_nano.a(lib_a-mprec.o)
                0x08006f70                _Balloc
 .text._Bfree   0x08006fda       0x2e c:/infineon/tools/dave ide/4.5.0.202105191637/eclipse/arm-gcc-49/bin/../lib/gcc/arm-none-eabi/4.9.3/../../../../arm-none-eabi/lib/armv7e-m/softfp\libg_nano.a(lib_a-mprec.o)
                0x08006fda                _Bfree
 .text.__multadd
                0x08007008       0x7c c:/infineon/tools/dave ide/4.5.0.202105191637/eclipse/arm-gcc-49/bin/../lib/gcc/arm-none-eabi/4.9.3/../../../../arm-none-eabi/lib/armv7e-m/softfp\libg_nano.a(lib_a-mprec.o)
                0x08007008                __multadd
 .text.__hi0bits
                0x08007084       0x40 c:/infineon/tools/dave ide/4.5.0.202105191637/eclipse/arm-gcc-49/bin/../lib/gcc/arm-none-eabi/4.9.3/../../../../arm-none-eabi/lib/armv7e-m/softfp\libg_nano.a(lib_a-mprec.o)
                0x08007084                __hi0bits
 .text.__lo0bits
                0x080070c4       0x5a c:/infineon/tools/dave ide/4.5.0.202105191637/eclipse/arm-gcc-49/bin/../lib/gcc/arm-none-eabi/4.9.3/../../../../arm-none-eabi/lib/armv7e-m/softfp\libg_nano.a(lib_a-mprec.o)
                0x080070c4                __lo0bits
 .text.__i2b    0x0800711e       0x12 c:/infineon/tools/dave ide/4.5.0.202105191637/eclipse/arm-gcc-49/bin/../lib/gcc/arm-none-eabi/4.9.3/../../../../arm-none-eabi/lib/armv7e-m/softfp\libg_nano.a(lib_a-mprec.o)
                0x0800711e                __i2b
 .text.__multiply
                0x08007130      0x122 c:/infineon/tools/dave ide/4.5.0.202105191637/eclipse/arm-gcc-49/bin/../lib/gcc/arm-none-eabi/4.9.3/../../../../arm-none-eabi/lib/armv7e-m/softfp\libg_nano.a(lib_a-mprec.o)
                0x08007130                __multiply
 *fill*         0x08007252        0x2 
 .text.__pow5mult
                0x08007254       0x9c c:/infineon/tools/dave ide/4.5.0.202105191637/eclipse/arm-gcc-49/bin/../lib/gcc/arm-none-eabi/4.9.3/../../../../arm-none-eabi/lib/armv7e-m/softfp\libg_nano.a(lib_a-mprec.o)
                0x08007254                __pow5mult
 .text.__lshift
                0x080072f0       0xa6 c:/infineon/tools/dave ide/4.5.0.202105191637/eclipse/arm-gcc-49/bin/../lib/gcc/arm-none-eabi/4.9.3/../../../../arm-none-eabi/lib/armv7e-m/softfp\libg_nano.a(lib_a-mprec.o)
                0x080072f0                __lshift
 .text.__mcmp   0x08007396       0x38 c:/infineon/tools/dave ide/4.5.0.202105191637/eclipse/arm-gcc-49/bin/../lib/gcc/arm-none-eabi/4.9.3/../../../../arm-none-eabi/lib/armv7e-m/softfp\libg_nano.a(lib_a-mprec.o)
                0x08007396                __mcmp
 .text.__mdiff  0x080073ce       0xbe c:/infineon/tools/dave ide/4.5.0.202105191637/eclipse/arm-gcc-49/bin/../lib/gcc/arm-none-eabi/4.9.3/../../../../arm-none-eabi/lib/armv7e-m/softfp\libg_nano.a(lib_a-mprec.o)
                0x080073ce                __mdiff
 .text.__d2b    0x0800748c       0xa4 c:/infineon/tools/dave ide/4.5.0.202105191637/eclipse/arm-gcc-49/bin/../lib/gcc/arm-none-eabi/4.9.3/../../../../arm-none-eabi/lib/armv7e-m/softfp\libg_nano.a(lib_a-mprec.o)
                0x0800748c                __d2b
 .text._calloc_r
                0x08007530       0x1c c:/infineon/tools/dave ide/4.5.0.202105191637/eclipse/arm-gcc-49/bin/../lib/gcc/arm-none-eabi/4.9.3/../../../../arm-none-eabi/lib/armv7e-m/softfp\libg_nano.a(lib_a-nano-callocr.o)
                0x08007530                _calloc_r
 .text._malloc_r
                0x0800754c       0xac c:/infineon/tools/dave ide/4.5.0.202105191637/eclipse/arm-gcc-49/bin/../lib/gcc/arm-none-eabi/4.9.3/../../../../arm-none-eabi/lib/armv7e-m/softfp\libg_nano.a(lib_a-nano-mallocr.o)
                0x0800754c                _malloc_r
 .text._sbrk_r  0x080075f8       0x20 c:/infineon/tools/dave ide/4.5.0.202105191637/eclipse/arm-gcc-49/bin/../lib/gcc/arm-none-eabi/4.9.3/../../../../arm-none-eabi/lib/armv7e-m/softfp\libg_nano.a(lib_a-sbrkr.o)
                0x080075f8                _sbrk_r
 .text          0x08007618      0x110 c:/infineon/tools/dave ide/4.5.0.202105191637/eclipse/arm-gcc-49/bin/../lib/gcc/arm-none-eabi/4.9.3/armv7e-m/softfp\libgcc.a(_arm_cmpdf2.o)
                0x08007618                __gtdf2
                0x08007618                __gedf2
                0x08007620                __ltdf2
                0x08007620                __ledf2
                0x08007628                __nedf2
                0x08007628                __eqdf2
                0x08007628                __cmpdf2
                0x080076a4                __aeabi_cdrcmple
                0x080076b4                __aeabi_cdcmpeq
                0x080076b4                __aeabi_cdcmple
                0x080076c4                __aeabi_dcmpeq
                0x080076d8                __aeabi_dcmplt
                0x080076ec                __aeabi_dcmple
                0x08007700                __aeabi_dcmpge
                0x08007714                __aeabi_dcmpgt
 *(.init)
 *(.fini)
 *crtbegin.o(.ctors)
 *crtbegin?.o(.ctors)
 *(EXCLUDE_FILE(*crtend.o *crtend?.o) .ctors)
 *(SORT(.ctors.*))
 *(.ctors)
 *crtbegin.o(.dtors)
 *crtbegin?.o(.dtors)
 *(EXCLUDE_FILE(*crtend.o *crtend?.o) .dtors)
 *(SORT(.dtors.*))
 *(.dtors)
 *(.rodata .rodata.*)
 .rodata.g_xmc_vadc_group_array
                0x08007728       0x10 ./Libraries/XMCLib/src/xmc_vadc.o
 .rodata.UART_PROTOKOLL_channel_config
                0x08007738        0xc ./Dave/Generated/UART/uart_conf.o
                0x08007738                UART_PROTOKOLL_channel_config
 .rodata.UART_PROTOKOLL_tx_pin_config
                0x08007744        0xc ./Dave/Generated/UART/uart_conf.o
                0x08007744                UART_PROTOKOLL_tx_pin_config
 .rodata.UART_PROTOKOLL_tx_pin
                0x08007750        0xc ./Dave/Generated/UART/uart_conf.o
                0x08007750                UART_PROTOKOLL_tx_pin
 .rodata.UART_PROTOKOLL_config
                0x0800775c       0x2c ./Dave/Generated/UART/uart_conf.o
                0x0800775c                UART_PROTOKOLL_config
 .rodata.UART_PROTOKOLL_rx_pin_config
                0x08007788        0xc ./Dave/Generated/UART/uart_conf.o
                0x08007788                UART_PROTOKOLL_rx_pin_config
 .rodata.PWM_LENKUNG_compare_config
                0x08007794       0x10 ./Dave/Generated/PWM/pwm_conf.o
                0x08007794                PWM_LENKUNG_compare_config
 .rodata.PWM_LENKUNG_gpio_out_config
                0x080077a4        0xc ./Dave/Generated/PWM/pwm_conf.o
                0x080077a4                PWM_LENKUNG_gpio_out_config
 .rodata.PWM_MOTOR_compare_config
                0x080077b0       0x10 ./Dave/Generated/PWM/pwm_conf.o
                0x080077b0                PWM_MOTOR_compare_config
 .rodata.PWM_MOTOR_gpio_out_config
                0x080077c0        0xc ./Dave/Generated/PWM/pwm_conf.o
                0x080077c0                PWM_MOTOR_gpio_out_config
 .rodata.PWM_ULTRA_compare_config
                0x080077cc        0x8 ./Dave/Generated/PWM/pwm_conf.o
                0x080077cc                PWM_ULTRA_compare_config
 .rodata.PWM_ULTRA_gpio_out_config
                0x080077d4        0xc ./Dave/Generated/PWM/pwm_conf.o
                0x080077d4                PWM_ULTRA_gpio_out_config
 .rodata.PWM_BUZZER_compare_config
                0x080077e0        0x8 ./Dave/Generated/PWM/pwm_conf.o
                0x080077e0                PWM_BUZZER_compare_config
 .rodata.PWM_BUZZER_gpio_out_config
                0x080077e8        0xc ./Dave/Generated/PWM/pwm_conf.o
                0x080077e8                PWM_BUZZER_gpio_out_config
 .rodata.LICHTSCHRANKE_INPUT_PIN
                0x080077f4       0x24 ./Dave/Generated/PIN_INTERRUPT/pin_interrupt_conf.o
                0x080077f4                LICHTSCHRANKE_INPUT_PIN
 .rodata.INTERRUPT_GESCHWINDIGKEIT
                0x08007818        0x4 ./Dave/Generated/INTERRUPT/interrupt_conf.o
                0x08007818                INTERRUPT_GESCHWINDIGKEIT
 .rodata.group_init_handle0
                0x0800781c       0x14 ./Dave/Generated/GLOBAL_ADC/global_adc_conf.o
                0x0800781c                group_init_handle0
 .rodata.group_init_handle1
                0x08007830       0x14 ./Dave/Generated/GLOBAL_ADC/global_adc_conf.o
                0x08007830                group_init_handle1
 .rodata.group_init_handle2
                0x08007844       0x14 ./Dave/Generated/GLOBAL_ADC/global_adc_conf.o
                0x08007844                group_init_handle2
 .rodata.group_init_handle3
                0x08007858       0x14 ./Dave/Generated/GLOBAL_ADC/global_adc_conf.o
                0x08007858                group_init_handle3
 .rodata.global_config
                0x0800786c       0x18 ./Dave/Generated/GLOBAL_ADC/global_adc_conf.o
                0x0800786c                global_config
 .rodata.LED_TEST
                0x08007884       0x14 ./Dave/Generated/DIGITAL_IO/digital_io_conf.o
                0x08007884                LED_TEST
 .rodata.BUTTON_TEST
                0x08007898       0x14 ./Dave/Generated/DIGITAL_IO/digital_io_conf.o
                0x08007898                BUTTON_TEST
 .rodata        0x080078ac       0x14 ./Dave/Generated/CLOCK_XMC4/clock_xmc4_conf.o
 .rodata.CAPTURE_ULTRA_input
                0x080078c0        0x8 ./Dave/Generated/CAPTURE/capture_conf.o
                0x080078c0                CAPTURE_ULTRA_input
 .rodata.CAPTURE_ULTRA_input_pin_config
                0x080078c8        0xc ./Dave/Generated/CAPTURE/capture_conf.o
                0x080078c8                CAPTURE_ULTRA_input_pin_config
 .rodata.CAPTURE_ULTRA_event0_config
                0x080078d4        0x4 ./Dave/Generated/CAPTURE/capture_conf.o
                0x080078d4                CAPTURE_ULTRA_event0_config
 .rodata.CAPTURE_ULTRA_event1_config
                0x080078d8        0x4 ./Dave/Generated/CAPTURE/capture_conf.o
                0x080078d8                CAPTURE_ULTRA_event1_config
 .rodata.CAPTURE_ULTRA_config
                0x080078dc        0x8 ./Dave/Generated/CAPTURE/capture_conf.o
                0x080078dc                CAPTURE_ULTRA_config
 .rodata.global_iclass_config
                0x080078e4        0x4 ./Dave/Generated/ADC_MEASUREMENT/adc_measurement_conf.o
                0x080078e4                global_iclass_config
 .rodata.backgnd_config
                0x080078e8        0xc ./Dave/Generated/ADC_MEASUREMENT/adc_measurement_conf.o
                0x080078e8                backgnd_config
 .rodata.str1.1
                0x080078f4        0x2 c:/infineon/tools/dave ide/4.5.0.202105191637/eclipse/arm-gcc-49/bin/../lib/gcc/arm-none-eabi/4.9.3/../../../../arm-none-eabi/lib/armv7e-m/softfp\libg_nano.a(lib_a-impure.o)
 .rodata.str1.1
                0x080078f6       0x12 c:/infineon/tools/dave ide/4.5.0.202105191637/eclipse/arm-gcc-49/bin/../lib/gcc/arm-none-eabi/4.9.3/../../../../arm-none-eabi/lib/armv7e-m/softfp\libg_nano.a(lib_a-nano-vfprintf_float.o)
 .rodata.str1.1
                0x08007908        0xd c:/infineon/tools/dave ide/4.5.0.202105191637/eclipse/arm-gcc-49/bin/../lib/gcc/arm-none-eabi/4.9.3/../../../../arm-none-eabi/lib/armv7e-m/softfp\libg_nano.a(lib_a-dtoa.o)
                                  0xf (size before relaxing)
 .rodata.str1.1
                0x08007915        0x8 c:/infineon/tools/dave ide/4.5.0.202105191637/eclipse/arm-gcc-49/bin/../lib/gcc/arm-none-eabi/4.9.3/../../../../arm-none-eabi/lib/armv7e-m/softfp\libg_nano.a(lib_a-locale.o)
                                  0xb (size before relaxing)
 *fill*         0x0800791d        0x3 
 .rodata.__mprec_tens
                0x08007920       0xc8 c:/infineon/tools/dave ide/4.5.0.202105191637/eclipse/arm-gcc-49/bin/../lib/gcc/arm-none-eabi/4.9.3/../../../../arm-none-eabi/lib/armv7e-m/softfp\libg_nano.a(lib_a-mprec.o)
                0x08007920                __mprec_tens
 .rodata.__mprec_bigtens
                0x080079e8       0x28 c:/infineon/tools/dave ide/4.5.0.202105191637/eclipse/arm-gcc-49/bin/../lib/gcc/arm-none-eabi/4.9.3/../../../../arm-none-eabi/lib/armv7e-m/softfp\libg_nano.a(lib_a-mprec.o)
                0x080079e8                __mprec_bigtens
 .rodata.p05.5277
                0x08007a10        0xc c:/infineon/tools/dave ide/4.5.0.202105191637/eclipse/arm-gcc-49/bin/../lib/gcc/arm-none-eabi/4.9.3/../../../../arm-none-eabi/lib/armv7e-m/softfp\libg_nano.a(lib_a-mprec.o)
 *(.gnu.linkonce.r*)
 *(vtable)
                0x08007a1c                . = ALIGN (0x4)

.glue_7         0x08007a1c        0x0 load address 0x0c007a1c
 .glue_7        0x00000000        0x0 linker stubs

.glue_7t        0x08007a1c        0x0 load address 0x0c007a1c
 .glue_7t       0x00000000        0x0 linker stubs

.vfp11_veneer   0x08007a1c        0x0 load address 0x0c007a1c
 .vfp11_veneer  0x00000000        0x0 linker stubs

.v4_bx          0x08007a1c        0x0 load address 0x0c007a1c
 .v4_bx         0x00000000        0x0 linker stubs

.iplt           0x08007a1c        0x0 load address 0x0c007a1c
 .iplt          0x00000000        0x0 ./Startup/startup_XMC4700.o

.eh_frame_hdr
 *(.eh_frame_hdr)

.eh_frame       0x08007a1c        0x0 load address 0x0c007a1c
 *(.eh_frame)
 .eh_frame      0x08007a1c        0x0 c:/infineon/tools/dave ide/4.5.0.202105191637/eclipse/arm-gcc-49/bin/../lib/gcc/arm-none-eabi/4.9.3/../../../../arm-none-eabi/lib/armv7e-m/softfp\libg_nano.a(lib_a-strcmp.o)
                                 0x28 (size before relaxing)

.ARM.extab
 *(.ARM.extab* .gnu.linkonce.armextab.*)
                0x08007a1c                . = ALIGN (0x4)
                0x08007a1c                __exidx_start = .

.ARM.exidx      0x08007a1c        0x8 load address 0x0c007a1c
 *(.ARM.exidx* .gnu.linkonce.armexidx.*)
 .ARM.exidx     0x08007a1c        0x8 c:/infineon/tools/dave ide/4.5.0.202105191637/eclipse/arm-gcc-49/bin/../lib/gcc/arm-none-eabi/4.9.3/armv7e-m/softfp\libgcc.a(_divdi3.o)
 .ARM.exidx     0x08007a24        0x0 c:/infineon/tools/dave ide/4.5.0.202105191637/eclipse/arm-gcc-49/bin/../lib/gcc/arm-none-eabi/4.9.3/armv7e-m/softfp\libgcc.a(_udivdi3.o)
                                  0x8 (size before relaxing)
                0x08007a24                __exidx_end = .

.rel.dyn        0x08007a24        0x0 load address 0x0c007a24
 .rel.iplt      0x00000000        0x0 ./Startup/startup_XMC4700.o
                0x08007a24                . = ALIGN (0x4)

Stack           0x1ffe8000      0x800
                0x1ffe8000                __stack_start = .
                0x1ffe8800                . = (. + stack_size)
 *fill*         0x1ffe8000      0x800 
                0x1ffe8800                __stack_end = .
                0x1ffe8800                __initial_sp = .

.ram_code       0x1ffe8800        0x0 load address 0x0c007a24
                0x1ffe8800                . = ALIGN (0x4)
                0x1ffe8800                __ram_code_start = .
 *(.ram_code)
                0x1ffe8800                . = ALIGN (0x4)
                0x1ffe8800                __ram_code_end = .
                0x0c007a24                __ram_code_load = LOADADDR (.ram_code)
                0x00000000                __ram_code_size = (__ram_code_end - __ram_code_start)

.data           0x1ffe8800      0x2cc load address 0x0c007a24
                0x1ffe8800                . = ALIGN (0x4)
                0x1ffe8800                __data_start = .
 *(.data)
 *(.data*)
 .data.UART_PROTOKOLL
                0x1ffe8800        0xc ./Dave/Generated/UART/uart_conf.o
                0x1ffe8800                UART_PROTOKOLL
 .data.TIMER_GESCHWINDIGKEIT_BERECHNUNG_config
                0x1ffe880c        0x8 ./Dave/Generated/TIMER/timer_conf.o
                0x1ffe880c                TIMER_GESCHWINDIGKEIT_BERECHNUNG_config
 .data.TIMER_GESCHWINDIGKEIT_BERECHNUNG
                0x1ffe8814       0x28 ./Dave/Generated/TIMER/timer_conf.o
                0x1ffe8814                TIMER_GESCHWINDIGKEIT_BERECHNUNG
 .data.TIMER_0  0x1ffe883c       0x28 ./Dave/Generated/TIMER/timer_conf.o
                0x1ffe883c                TIMER_0
 .data.PWM_LENKUNG
                0x1ffe8864       0x34 ./Dave/Generated/PWM/pwm_conf.o
                0x1ffe8864                PWM_LENKUNG
 .data.PWM_MOTOR
                0x1ffe8898       0x34 ./Dave/Generated/PWM/pwm_conf.o
                0x1ffe8898                PWM_MOTOR
 .data.PWM_ULTRA
                0x1ffe88cc       0x34 ./Dave/Generated/PWM/pwm_conf.o
                0x1ffe88cc                PWM_ULTRA
 .data.PWM_BUZZER
                0x1ffe8900       0x34 ./Dave/Generated/PWM/pwm_conf.o
                0x1ffe8900                PWM_BUZZER
 .data.GLOBAL_CCU8_0
                0x1ffe8934       0x10 ./Dave/Generated/GLOBAL_CCU8/global_ccu8_conf.o
                0x1ffe8934                GLOBAL_CCU8_0
 .data.GLOBAL_CCU4_0
                0x1ffe8944       0x10 ./Dave/Generated/GLOBAL_CCU4/global_ccu4_conf.o
                0x1ffe8944                GLOBAL_CCU4_0
 .data.GLOBAL_CCU4_1
                0x1ffe8954       0x10 ./Dave/Generated/GLOBAL_CCU4/global_ccu4_conf.o
                0x1ffe8954                GLOBAL_CCU4_1
 .data.group_0_config
                0x1ffe8964        0xc ./Dave/Generated/GLOBAL_ADC/global_adc_conf.o
                0x1ffe8964                group_0_config
 .data.group_1_config
                0x1ffe8970        0xc ./Dave/Generated/GLOBAL_ADC/global_adc_conf.o
                0x1ffe8970                group_1_config
 .data.group_2_config
                0x1ffe897c        0xc ./Dave/Generated/GLOBAL_ADC/global_adc_conf.o
                0x1ffe897c                group_2_config
 .data.group_3_config
                0x1ffe8988        0xc ./Dave/Generated/GLOBAL_ADC/global_adc_conf.o
                0x1ffe8988                group_3_config
 .data.GLOBAL_ADC_0
                0x1ffe8994       0x1c ./Dave/Generated/GLOBAL_ADC/global_adc_conf.o
                0x1ffe8994                GLOBAL_ADC_0
 .data.CAPTURE_ULTRA
                0x1ffe89b0       0x34 ./Dave/Generated/CAPTURE/capture_conf.o
                0x1ffe89b0                CAPTURE_ULTRA
 .data.Channel_A_ch_config
                0x1ffe89e4       0x10 ./Dave/Generated/ADC_MEASUREMENT/adc_measurement_conf.o
                0x1ffe89e4                Channel_A_ch_config
 .data.ADC_MEASUREMENT_Channel_A_handle
                0x1ffe89f4       0x10 ./Dave/Generated/ADC_MEASUREMENT/adc_measurement_conf.o
                0x1ffe89f4                ADC_MEASUREMENT_Channel_A_handle
 .data.ADC_MEASUREMENT_channel_array
                0x1ffe8a04        0x4 ./Dave/Generated/ADC_MEASUREMENT/adc_measurement_conf.o
                0x1ffe8a04                ADC_MEASUREMENT_channel_array
 .data.ADC_MEASUREMENT_IR
                0x1ffe8a08       0x1c ./Dave/Generated/ADC_MEASUREMENT/adc_measurement_conf.o
                0x1ffe8a08                ADC_MEASUREMENT_IR
 .data.min_parkluecke_laenge_cm
                0x1ffe8a24        0x4 ./infrarot.o
                0x1ffe8a24                min_parkluecke_laenge_cm
 .data.pwm_lenkung_leerlauf
                0x1ffe8a28        0x4 ./main.o
                0x1ffe8a28                pwm_lenkung_leerlauf
 .data.pwm_motor_leerlauf
                0x1ffe8a2c        0x4 ./main.o
                0x1ffe8a2c                pwm_motor_leerlauf
 .data.impure_data
                0x1ffe8a30       0x60 c:/infineon/tools/dave ide/4.5.0.202105191637/eclipse/arm-gcc-49/bin/../lib/gcc/arm-none-eabi/4.9.3/../../../../arm-none-eabi/lib/armv7e-m/softfp\libg_nano.a(lib_a-impure.o)
 .data._impure_ptr
                0x1ffe8a90        0x4 c:/infineon/tools/dave ide/4.5.0.202105191637/eclipse/arm-gcc-49/bin/../lib/gcc/arm-none-eabi/4.9.3/../../../../arm-none-eabi/lib/armv7e-m/softfp\libg_nano.a(lib_a-impure.o)
                0x1ffe8a90                _impure_ptr
 .data.lconv    0x1ffe8a94       0x38 c:/infineon/tools/dave ide/4.5.0.202105191637/eclipse/arm-gcc-49/bin/../lib/gcc/arm-none-eabi/4.9.3/../../../../arm-none-eabi/lib/armv7e-m/softfp\libg_nano.a(lib_a-locale.o)
 *(*.data)
 *(.gnu.linkonce.d*)
                0x1ffe8acc                . = ALIGN (0x4)
                0x1ffe8acc                PROVIDE (__preinit_array_start, .)
 *(.preinit_array)
                0x1ffe8acc                PROVIDE (__preinit_array_end, .)
                0x1ffe8acc                . = ALIGN (0x4)
                0x1ffe8acc                PROVIDE (__init_array_start, .)
 *(SORT(.init_array.*))
 *(.init_array)
                0x1ffe8acc                PROVIDE (__init_array_end, .)
                0x1ffe8acc                . = ALIGN (0x4)
                0x1ffe8acc                PROVIDE (__fini_array_start, .)
 *(SORT(.fini_array.*))
 *(.fini_array)
                0x1ffe8acc                PROVIDE (__fini_array_end, .)
                0x1ffe8acc                . = ALIGN (0x4)
                0x1ffe8acc                __data_end = .
                0x0c007a24                __data_load = LOADADDR (.data)
                0x000002cc                __data_size = (__data_end - __data_start)
                0x00007cf0                __text_size = (((__exidx_end - sText) + __data_size) + __ram_code_size)
                0x08007cf0                eText = (sText + __text_size)

.igot.plt       0x1ffe8acc        0x0 load address 0x0c007cf0
 .igot.plt      0x00000000        0x0 ./Startup/startup_XMC4700.o

.bss            0x1ffe8acc      0x2a8 load address 0x0c007cf0
                0x1ffe8acc                . = ALIGN (0x4)
                0x1ffe8acc                __bss_start = .
 *(.bss)
 *(.bss*)
 .bss.heap_ptr.4331
                0x1ffe8acc        0x4 ./Libraries/Newlib/syscalls.o
 .bss.UART_PROTOKOLL_runtime
                0x1ffe8ad0       0x1c ./Dave/Generated/UART/uart_conf.o
                0x1ffe8ad0                UART_PROTOKOLL_runtime
 .bss.TIMER_0_config
                0x1ffe8aec        0x8 ./Dave/Generated/TIMER/timer_conf.o
                0x1ffe8aec                TIMER_0_config
 .bss.g_timer_list
                0x1ffe8af4        0x4 ./Dave/Generated/SYSTIMER/systimer.o
                0x1ffe8af4                g_timer_list
 .bss.g_timer_tracker
                0x1ffe8af8        0x4 ./Dave/Generated/SYSTIMER/systimer.o
                0x1ffe8af8                g_timer_tracker
 .bss.g_systick_count
                0x1ffe8afc        0x4 ./Dave/Generated/SYSTIMER/systimer.o
                0x1ffe8afc                g_systick_count
 .bss.SYSTIMER_WD
                0x1ffe8b00        0x4 ./Dave/Generated/SYSTIMER/systimer_conf.o
                0x1ffe8b00                SYSTIMER_WD
 .bss.CLOCK_XMC4_0
                0x1ffe8b04        0x4 ./Dave/Generated/CLOCK_XMC4/clock_xmc4_conf.o
                0x1ffe8b04                CLOCK_XMC4_0
 .bss.Channel_A_res_config
                0x1ffe8b08        0x4 ./Dave/Generated/ADC_MEASUREMENT/adc_measurement_conf.o
                0x1ffe8b08                Channel_A_res_config
 .bss.previous_ADC
                0x1ffe8b0c        0x4 ./infrarot.o
                0x1ffe8b0c                previous_ADC
 .bss.check_start
                0x1ffe8b10        0x4 ./infrarot.o
                0x1ffe8b10                check_start
 .bss.turn      0x1ffe8b14        0x4 ./infrarot.o
                0x1ffe8b14                turn
 .bss.park_luecke_genug
                0x1ffe8b18        0x4 ./infrarot.o
                0x1ffe8b18                park_luecke_genug
 .bss.parkluecke
                0x1ffe8b1c        0x4 ./infrarot.o
                0x1ffe8b1c                parkluecke
 .bss.zaehlimpulse
                0x1ffe8b20        0x4 ./main.o
                0x1ffe8b20                zaehlimpulse
 .bss.speed_in_cms
                0x1ffe8b24        0x4 ./main.o
                0x1ffe8b24                speed_in_cms
 .bss.recieved  0x1ffe8b28        0x4 ./main.o
                0x1ffe8b28                recieved
 .bss.startbit  0x1ffe8b2c        0x1 ./main.o
                0x1ffe8b2c                startbit
 .bss.fahr_geschwindigkeit_char
                0x1ffe8b2d        0x1 ./main.o
                0x1ffe8b2d                fahr_geschwindigkeit_char
 .bss.checksumme
                0x1ffe8b2e        0x1 ./main.o
                0x1ffe8b2e                checksumme
 *fill*         0x1ffe8b2f        0x1 
 .bss.soll_fahr_geschwindigkeit
                0x1ffe8b30        0x4 ./main.o
                0x1ffe8b30                soll_fahr_geschwindigkeit
 .bss.strecke_cm
                0x1ffe8b34        0x4 ./main.o
                0x1ffe8b34                strecke_cm
 .bss.abweichung
                0x1ffe8b38        0x4 ./main.o
                0x1ffe8b38                abweichung
 .bss.speed_nach_regler
                0x1ffe8b3c        0x4 ./main.o
                0x1ffe8b3c                speed_nach_regler
 .bss.__malloc_sbrk_start
                0x1ffe8b40        0x4 c:/infineon/tools/dave ide/4.5.0.202105191637/eclipse/arm-gcc-49/bin/../lib/gcc/arm-none-eabi/4.9.3/../../../../arm-none-eabi/lib/armv7e-m/softfp\libg_nano.a(lib_a-nano-mallocr.o)
                0x1ffe8b40                __malloc_sbrk_start
 .bss.__malloc_free_list
                0x1ffe8b44        0x4 c:/infineon/tools/dave ide/4.5.0.202105191637/eclipse/arm-gcc-49/bin/../lib/gcc/arm-none-eabi/4.9.3/../../../../arm-none-eabi/lib/armv7e-m/softfp\libg_nano.a(lib_a-nano-mallocr.o)
                0x1ffe8b44                __malloc_free_list
 *(COMMON)
 COMMON         0x1ffe8b48      0x120 ./Dave/Generated/SYSTIMER/systimer.o
                0x1ffe8b48                g_timer_tbl
 COMMON         0x1ffe8c68       0xd6 ./infrarot.o
                0x1ffe8c68                elapsed_time
                0x1ffe8c6c                Timer_IR
                0x1ffe8c70                Luecke
                0x1ffe8cd4                time_in_s
                0x1ffe8cd8                IR_ADC
                0x1ffe8d3c                IR_ADC_Wert
 *fill*         0x1ffe8d3e        0x2 
 COMMON         0x1ffe8d40       0x11 ./main.o
                0x1ffe8d40                Timer_Regelung
                0x1ffe8d44                Timer_WD
                0x1ffe8d48                Timer_BUTTON
                0x1ffe8d4c                pwm
                0x1ffe8d50                lenk_winkel
 *fill*         0x1ffe8d51        0x3 
 COMMON         0x1ffe8d54       0x1c ./ultraschall.o
                0x1ffe8d54                Abstand
                0x1ffe8d60                distance
                0x1ffe8d64                captured_time_us
                0x1ffe8d68                Capture_t
                0x1ffe8d6c                Timer_60ms
 COMMON         0x1ffe8d70        0x4 c:/infineon/tools/dave ide/4.5.0.202105191637/eclipse/arm-gcc-49/bin/../lib/gcc/arm-none-eabi/4.9.3/../../../../arm-none-eabi/lib/armv7e-m/softfp\libg_nano.a(lib_a-reent.o)
                0x1ffe8d70                errno
 *(.gnu.linkonce.b*)
                0x1ffe8d74                . = ALIGN (0x4)
                0x1ffe8d74                __bss_end = .
                0x000002a8                __bss_size = (__bss_end - __bss_start)
                0x0001728c                __shift_loc = (__bss_end >= ORIGIN (DSRAM_1_system))?0x0:(ORIGIN (DSRAM_1_system) - __bss_end)

USB_RAM         0x20000000        0x0
                0x20000000                . = ALIGN (0x4)
                0x20000000                USB_RAM_start = .
 *(USB_RAM)
                0x20000000                . = ALIGN (0x4)
                0x20000000                USB_RAM_end = .
                0x00000000                USB_RAM_size = (USB_RAM_end - USB_RAM_start)

ETH_RAM         0x20000000        0x0
                0x20000000                . = ALIGN (0x4)
                0x20000000                ETH_RAM_start = .
 *(ETH_RAM)
                0x20000000                . = ALIGN (0x4)
                0x20000000                ETH_RAM_end = .
                0x20000000                . = ALIGN (0x8)
                0x20000000                Heap_Bank1_Start = .
                0x00000000                ETH_RAM_size = (ETH_RAM_end - ETH_RAM_start)

.no_init        0x2003ffc0       0x14
                0x2003ffc0                Heap_Bank1_End = .
 *(.no_init)
 .no_init       0x2003ffc0       0x14 ./Startup/system_XMC4700.o
                0x2003ffc0                SystemCoreClock
                0x2003ffc4                g_chipid
                0x0003ffc0                Heap_Bank1_Size = (Heap_Bank1_End - Heap_Bank1_Start)
                0x00000001                ASSERT ((Heap_Bank1_Start <= Heap_Bank1_End), region SRAM_combined overflowed no_init section)

/DISCARD/
 *(.comment)

.stab
 *(.stab)

.stabstr
 *(.stabstr)

.debug
 *(.debug)

.line
 *(.line)

.debug_srcinfo
 *(.debug_srcinfo)

.debug_sfnames
 *(.debug_sfnames)

.debug_aranges  0x00000000     0x15a8
 *(.debug_aranges)
 .debug_aranges
                0x00000000       0x20 ./Startup/startup_XMC4700.o
 .debug_aranges
                0x00000020       0x48 ./Startup/system_XMC4700.o
 .debug_aranges
                0x00000068       0x28 ./Libraries/XMCLib/src/xmc4_eru.o
 .debug_aranges
                0x00000090       0x28 ./Libraries/XMCLib/src/xmc4_gpio.o
 .debug_aranges
                0x000000b8      0x3e0 ./Libraries/XMCLib/src/xmc4_scu.o
 .debug_aranges
                0x00000498      0x138 ./Libraries/XMCLib/src/xmc_ccu4.o
 .debug_aranges
                0x000005d0      0x190 ./Libraries/XMCLib/src/xmc_ccu8.o
 .debug_aranges
                0x00000760       0x88 ./Libraries/XMCLib/src/xmc_eru.o
 .debug_aranges
                0x000007e8       0x28 ./Libraries/XMCLib/src/xmc_gpio.o
 .debug_aranges
                0x00000810       0x78 ./Libraries/XMCLib/src/xmc_uart.o
 .debug_aranges
                0x00000888       0xb8 ./Libraries/XMCLib/src/xmc_usic.o
 .debug_aranges
                0x00000940      0x280 ./Libraries/XMCLib/src/xmc_vadc.o
 .debug_aranges
                0x00000bc0       0x28 ./Libraries/Newlib/syscalls.o
 .debug_aranges
                0x00000be8       0xe0 ./Dave/Generated/UART/uart.o
 .debug_aranges
                0x00000cc8       0x60 ./Dave/Generated/UART/uart_conf.o
 .debug_aranges
                0x00000d28       0xd8 ./Dave/Generated/TIMER/timer.o
 .debug_aranges
                0x00000e00       0x18 ./Dave/Generated/TIMER/timer_conf.o
 .debug_aranges
                0x00000e18       0xe0 ./Dave/Generated/SYSTIMER/systimer.o
 .debug_aranges
                0x00000ef8       0x18 ./Dave/Generated/SYSTIMER/systimer_conf.o
 .debug_aranges
                0x00000f10      0x198 ./Dave/Generated/PWM/pwm.o
 .debug_aranges
                0x000010a8       0x18 ./Dave/Generated/PWM/pwm_conf.o
 .debug_aranges
                0x000010c0       0x60 ./Dave/Generated/PIN_INTERRUPT/pin_interrupt.o
 .debug_aranges
                0x00001120       0x18 ./Dave/Generated/PIN_INTERRUPT/pin_interrupt_conf.o
 .debug_aranges
                0x00001138       0x50 ./Dave/Generated/INTERRUPT/interrupt.o
 .debug_aranges
                0x00001188       0x18 ./Dave/Generated/INTERRUPT/interrupt_conf.o
 .debug_aranges
                0x000011a0       0x30 ./Dave/Generated/GLOBAL_CCU8/global_ccu8.o
 .debug_aranges
                0x000011d0       0x18 ./Dave/Generated/GLOBAL_CCU8/global_ccu8_conf.o
 .debug_aranges
                0x000011e8       0x30 ./Dave/Generated/GLOBAL_CCU4/global_ccu4.o
 .debug_aranges
                0x00001218       0x18 ./Dave/Generated/GLOBAL_CCU4/global_ccu4_conf.o
 .debug_aranges
                0x00001230       0x30 ./Dave/Generated/GLOBAL_ADC/global_adc.o
 .debug_aranges
                0x00001260       0x18 ./Dave/Generated/GLOBAL_ADC/global_adc_conf.o
 .debug_aranges
                0x00001278       0x28 ./Dave/Generated/DIGITAL_IO/digital_io.o
 .debug_aranges
                0x000012a0       0x18 ./Dave/Generated/DIGITAL_IO/digital_io_conf.o
 .debug_aranges
                0x000012b8       0x28 ./Dave/Generated/CPU_CTRL_XMC4/cpu_ctrl_xmc4_conf.o
 .debug_aranges
                0x000012e0       0x38 ./Dave/Generated/CLOCK_XMC4/clock_xmc4.o
 .debug_aranges
                0x00001318       0x20 ./Dave/Generated/CLOCK_XMC4/clock_xmc4_conf.o
 .debug_aranges
                0x00001338       0xe8 ./Dave/Generated/CAPTURE/capture.o
 .debug_aranges
                0x00001420       0x18 ./Dave/Generated/CAPTURE/capture_conf.o
 .debug_aranges
                0x00001438       0x88 ./Dave/Generated/ADC_MEASUREMENT/adc_measurement.o
 .debug_aranges
                0x000014c0       0x18 ./Dave/Generated/ADC_MEASUREMENT/adc_measurement_conf.o
 .debug_aranges
                0x000014d8       0x20 ./Dave/Generated/DAVE.o
 .debug_aranges
                0x000014f8       0x38 ./infrarot.o
 .debug_aranges
                0x00001530       0x50 ./main.o
 .debug_aranges
                0x00001580       0x28 ./ultraschall.o

.debug_pubnames
 *(.debug_pubnames)

.debug_pubtypes
 *(.debug_pubtypes)

.debug_info     0x00000000    0x2a359
 *(.debug_info .gnu.linkonce.wi.*)
 .debug_info    0x00000000       0x99 ./Startup/startup_XMC4700.o
 .debug_info    0x00000099      0xa3d ./Startup/system_XMC4700.o
 .debug_info    0x00000ad6      0x658 ./Libraries/XMCLib/src/xmc4_eru.o
 .debug_info    0x0000112e      0x4dd ./Libraries/XMCLib/src/xmc4_gpio.o
 .debug_info    0x0000160b     0x2425 ./Libraries/XMCLib/src/xmc4_scu.o
 .debug_info    0x00003a30     0x1797 ./Libraries/XMCLib/src/xmc_ccu4.o
 .debug_info    0x000051c7     0x1eb4 ./Libraries/XMCLib/src/xmc_ccu8.o
 .debug_info    0x0000707b      0xb70 ./Libraries/XMCLib/src/xmc_eru.o
 .debug_info    0x00007beb      0x458 ./Libraries/XMCLib/src/xmc_gpio.o
 .debug_info    0x00008043      0x9d2 ./Libraries/XMCLib/src/xmc_uart.o
 .debug_info    0x00008a15      0xf9a ./Libraries/XMCLib/src/xmc_usic.o
 .debug_info    0x000099af     0x3166 ./Libraries/XMCLib/src/xmc_vadc.o
 .debug_info    0x0000cb15      0x11f ./Libraries/Newlib/syscalls.o
 .debug_info    0x0000cc34     0x148a ./Dave/Generated/UART/uart.o
 .debug_info    0x0000e0be     0x1438 ./Dave/Generated/UART/uart_conf.o
 .debug_info    0x0000f4f6      0xe3f ./Dave/Generated/TIMER/timer.o
 .debug_info    0x00010335      0x919 ./Dave/Generated/TIMER/timer_conf.o
 .debug_info    0x00010c4e     0x1357 ./Dave/Generated/SYSTIMER/systimer.o
 .debug_info    0x00011fa5      0x1a9 ./Dave/Generated/SYSTIMER/systimer_conf.o
 .debug_info    0x0001214e     0x201b ./Dave/Generated/PWM/pwm.o
 .debug_info    0x00014169     0x1458 ./Dave/Generated/PWM/pwm_conf.o
 .debug_info    0x000155c1     0x1102 ./Dave/Generated/PIN_INTERRUPT/pin_interrupt.o
 .debug_info    0x000166c3      0xc5f ./Dave/Generated/PIN_INTERRUPT/pin_interrupt_conf.o
 .debug_info    0x00017322      0x9c9 ./Dave/Generated/INTERRUPT/interrupt.o
 .debug_info    0x00017ceb      0x4d4 ./Dave/Generated/INTERRUPT/interrupt_conf.o
 .debug_info    0x000181bf      0x449 ./Dave/Generated/GLOBAL_CCU8/global_ccu8.o
 .debug_info    0x00018608      0x349 ./Dave/Generated/GLOBAL_CCU8/global_ccu8_conf.o
 .debug_info    0x00018951      0x43a ./Dave/Generated/GLOBAL_CCU4/global_ccu4.o
 .debug_info    0x00018d8b      0x34c ./Dave/Generated/GLOBAL_CCU4/global_ccu4_conf.o
 .debug_info    0x000190d7     0x10a9 ./Dave/Generated/GLOBAL_ADC/global_adc.o
 .debug_info    0x0001a180     0x10ac ./Dave/Generated/GLOBAL_ADC/global_adc_conf.o
 .debug_info    0x0001b22c      0x597 ./Dave/Generated/DIGITAL_IO/digital_io.o
 .debug_info    0x0001b7c3      0x4e4 ./Dave/Generated/DIGITAL_IO/digital_io_conf.o
 .debug_info    0x0001bca7      0x52e ./Dave/Generated/CPU_CTRL_XMC4/cpu_ctrl_xmc4_conf.o
 .debug_info    0x0001c1d5      0x2dd ./Dave/Generated/CLOCK_XMC4/clock_xmc4.o
 .debug_info    0x0001c4b2      0x43e ./Dave/Generated/CLOCK_XMC4/clock_xmc4_conf.o
 .debug_info    0x0001c8f0     0x1704 ./Dave/Generated/CAPTURE/capture.o
 .debug_info    0x0001dff4      0xcf9 ./Dave/Generated/CAPTURE/capture_conf.o
 .debug_info    0x0001eced     0x1fc7 ./Dave/Generated/ADC_MEASUREMENT/adc_measurement.o
 .debug_info    0x00020cb4     0x1941 ./Dave/Generated/ADC_MEASUREMENT/adc_measurement_conf.o
 .debug_info    0x000225f5     0x3ada ./Dave/Generated/DAVE.o
 .debug_info    0x000260cf      0xf8a ./infrarot.o
 .debug_info    0x00027059     0x1c63 ./main.o
 .debug_info    0x00028cbc     0x169d ./ultraschall.o

.debug_abbrev   0x00000000     0x505e
 *(.debug_abbrev)
 .debug_abbrev  0x00000000       0x14 ./Startup/startup_XMC4700.o
 .debug_abbrev  0x00000014      0x1f1 ./Startup/system_XMC4700.o
 .debug_abbrev  0x00000205      0x180 ./Libraries/XMCLib/src/xmc4_eru.o
 .debug_abbrev  0x00000385      0x144 ./Libraries/XMCLib/src/xmc4_gpio.o
 .debug_abbrev  0x000004c9      0x2a3 ./Libraries/XMCLib/src/xmc4_scu.o
 .debug_abbrev  0x0000076c      0x232 ./Libraries/XMCLib/src/xmc_ccu4.o
 .debug_abbrev  0x0000099e      0x254 ./Libraries/XMCLib/src/xmc_ccu8.o
 .debug_abbrev  0x00000bf2      0x22f ./Libraries/XMCLib/src/xmc_eru.o
 .debug_abbrev  0x00000e21      0x144 ./Libraries/XMCLib/src/xmc_gpio.o
 .debug_abbrev  0x00000f65      0x225 ./Libraries/XMCLib/src/xmc_uart.o
 .debug_abbrev  0x0000118a      0x24c ./Libraries/XMCLib/src/xmc_usic.o
 .debug_abbrev  0x000013d6      0x282 ./Libraries/XMCLib/src/xmc_vadc.o
 .debug_abbrev  0x00001658       0xbd ./Libraries/Newlib/syscalls.o
 .debug_abbrev  0x00001715      0x280 ./Dave/Generated/UART/uart.o
 .debug_abbrev  0x00001995      0x27b ./Dave/Generated/UART/uart_conf.o
 .debug_abbrev  0x00001c10      0x252 ./Dave/Generated/TIMER/timer.o
 .debug_abbrev  0x00001e62      0x181 ./Dave/Generated/TIMER/timer_conf.o
 .debug_abbrev  0x00001fe3      0x36d ./Dave/Generated/SYSTIMER/systimer.o
 .debug_abbrev  0x00002350       0xc2 ./Dave/Generated/SYSTIMER/systimer_conf.o
 .debug_abbrev  0x00002412      0x293 ./Dave/Generated/PWM/pwm.o
 .debug_abbrev  0x000026a5      0x1b9 ./Dave/Generated/PWM/pwm_conf.o
 .debug_abbrev  0x0000285e      0x293 ./Dave/Generated/PIN_INTERRUPT/pin_interrupt.o
 .debug_abbrev  0x00002af1      0x1a1 ./Dave/Generated/PIN_INTERRUPT/pin_interrupt_conf.o
 .debug_abbrev  0x00002c92      0x212 ./Dave/Generated/INTERRUPT/interrupt.o
 .debug_abbrev  0x00002ea4       0xd8 ./Dave/Generated/INTERRUPT/interrupt_conf.o
 .debug_abbrev  0x00002f7c      0x196 ./Dave/Generated/GLOBAL_CCU8/global_ccu8.o
 .debug_abbrev  0x00003112      0x124 ./Dave/Generated/GLOBAL_CCU8/global_ccu8_conf.o
 .debug_abbrev  0x00003236      0x196 ./Dave/Generated/GLOBAL_CCU4/global_ccu4.o
 .debug_abbrev  0x000033cc      0x124 ./Dave/Generated/GLOBAL_CCU4/global_ccu4_conf.o
 .debug_abbrev  0x000034f0      0x20d ./Dave/Generated/GLOBAL_ADC/global_adc.o
 .debug_abbrev  0x000036fd      0x1ac ./Dave/Generated/GLOBAL_ADC/global_adc_conf.o
 .debug_abbrev  0x000038a9      0x171 ./Dave/Generated/DIGITAL_IO/digital_io.o
 .debug_abbrev  0x00003a1a      0x126 ./Dave/Generated/DIGITAL_IO/digital_io_conf.o
 .debug_abbrev  0x00003b40      0x1b4 ./Dave/Generated/CPU_CTRL_XMC4/cpu_ctrl_xmc4_conf.o
 .debug_abbrev  0x00003cf4      0x13d ./Dave/Generated/CLOCK_XMC4/clock_xmc4.o
 .debug_abbrev  0x00003e31      0x134 ./Dave/Generated/CLOCK_XMC4/clock_xmc4_conf.o
 .debug_abbrev  0x00003f65      0x2d6 ./Dave/Generated/CAPTURE/capture.o
 .debug_abbrev  0x0000423b      0x181 ./Dave/Generated/CAPTURE/capture_conf.o
 .debug_abbrev  0x000043bc      0x294 ./Dave/Generated/ADC_MEASUREMENT/adc_measurement.o
 .debug_abbrev  0x00004650      0x1a2 ./Dave/Generated/ADC_MEASUREMENT/adc_measurement_conf.o
 .debug_abbrev  0x000047f2      0x216 ./Dave/Generated/DAVE.o
 .debug_abbrev  0x00004a08      0x207 ./infrarot.o
 .debug_abbrev  0x00004c0f      0x289 ./main.o
 .debug_abbrev  0x00004e98      0x1c6 ./ultraschall.o

.debug_line     0x00000000     0xc090
 *(.debug_line)
 .debug_line    0x00000000       0x87 ./Startup/startup_XMC4700.o
 .debug_line    0x00000087      0x351 ./Startup/system_XMC4700.o
 .debug_line    0x000003d8      0x2d3 ./Libraries/XMCLib/src/xmc4_eru.o
 .debug_line    0x000006ab      0x257 ./Libraries/XMCLib/src/xmc4_gpio.o
 .debug_line    0x00000902      0xe6b ./Libraries/XMCLib/src/xmc4_scu.o
 .debug_line    0x0000176d      0x677 ./Libraries/XMCLib/src/xmc_ccu4.o
 .debug_line    0x00001de4      0x75d ./Libraries/XMCLib/src/xmc_ccu8.o
 .debug_line    0x00002541      0x319 ./Libraries/XMCLib/src/xmc_eru.o
 .debug_line    0x0000285a      0x244 ./Libraries/XMCLib/src/xmc_gpio.o
 .debug_line    0x00002a9e      0x3e9 ./Libraries/XMCLib/src/xmc_uart.o
 .debug_line    0x00002e87      0x58f ./Libraries/XMCLib/src/xmc_usic.o
 .debug_line    0x00003416      0xb42 ./Libraries/XMCLib/src/xmc_vadc.o
 .debug_line    0x00003f58       0xd0 ./Libraries/Newlib/syscalls.o
 .debug_line    0x00004028      0x5c1 ./Dave/Generated/UART/uart.o
 .debug_line    0x000045e9      0x3c8 ./Dave/Generated/UART/uart_conf.o
 .debug_line    0x000049b1      0x5d9 ./Dave/Generated/TIMER/timer.o
 .debug_line    0x00004f8a      0x359 ./Dave/Generated/TIMER/timer_conf.o
 .debug_line    0x000052e3      0x643 ./Dave/Generated/SYSTIMER/systimer.o
 .debug_line    0x00005926      0x1b2 ./Dave/Generated/SYSTIMER/systimer_conf.o
 .debug_line    0x00005ad8      0x969 ./Dave/Generated/PWM/pwm.o
 .debug_line    0x00006441      0x410 ./Dave/Generated/PWM/pwm_conf.o
 .debug_line    0x00006851      0x43b ./Dave/Generated/PIN_INTERRUPT/pin_interrupt.o
 .debug_line    0x00006c8c      0x2ed ./Dave/Generated/PIN_INTERRUPT/pin_interrupt_conf.o
 .debug_line    0x00006f79      0x365 ./Dave/Generated/INTERRUPT/interrupt.o
 .debug_line    0x000072de      0x240 ./Dave/Generated/INTERRUPT/interrupt_conf.o
 .debug_line    0x0000751e      0x384 ./Dave/Generated/GLOBAL_CCU8/global_ccu8.o
 .debug_line    0x000078a2      0x2d9 ./Dave/Generated/GLOBAL_CCU8/global_ccu8_conf.o
 .debug_line    0x00007b7b      0x384 ./Dave/Generated/GLOBAL_CCU4/global_ccu4.o
 .debug_line    0x00007eff      0x2d9 ./Dave/Generated/GLOBAL_CCU4/global_ccu4_conf.o
 .debug_line    0x000081d8      0x390 ./Dave/Generated/GLOBAL_ADC/global_adc.o
 .debug_line    0x00008568      0x2c8 ./Dave/Generated/GLOBAL_ADC/global_adc_conf.o
 .debug_line    0x00008830      0x2cb ./Dave/Generated/DIGITAL_IO/digital_io.o
 .debug_line    0x00008afb      0x238 ./Dave/Generated/DIGITAL_IO/digital_io_conf.o
 .debug_line    0x00008d33      0x2b1 ./Dave/Generated/CPU_CTRL_XMC4/cpu_ctrl_xmc4_conf.o
 .debug_line    0x00008fe4      0x301 ./Dave/Generated/CLOCK_XMC4/clock_xmc4.o
 .debug_line    0x000092e5      0x2d8 ./Dave/Generated/CLOCK_XMC4/clock_xmc4_conf.o
 .debug_line    0x000095bd      0x79e ./Dave/Generated/CAPTURE/capture.o
 .debug_line    0x00009d5b      0x37c ./Dave/Generated/CAPTURE/capture_conf.o
 .debug_line    0x0000a0d7      0x558 ./Dave/Generated/ADC_MEASUREMENT/adc_measurement.o
 .debug_line    0x0000a62f      0x366 ./Dave/Generated/ADC_MEASUREMENT/adc_measurement_conf.o
 .debug_line    0x0000a995      0x64f ./Dave/Generated/DAVE.o
 .debug_line    0x0000afe4      0x4d4 ./infrarot.o
 .debug_line    0x0000b4b8      0x669 ./main.o
 .debug_line    0x0000bb21      0x56f ./ultraschall.o

.debug_frame    0x00000000     0x5f10
 *(.debug_frame)
 .debug_frame   0x00000000       0xec ./Startup/system_XMC4700.o
 .debug_frame   0x000000ec       0x60 ./Libraries/XMCLib/src/xmc4_eru.o
 .debug_frame   0x0000014c       0x60 ./Libraries/XMCLib/src/xmc4_gpio.o
 .debug_frame   0x000001ac     0x1238 ./Libraries/XMCLib/src/xmc4_scu.o
 .debug_frame   0x000013e4      0x5b0 ./Libraries/XMCLib/src/xmc_ccu4.o
 .debug_frame   0x00001994      0x768 ./Libraries/XMCLib/src/xmc_ccu8.o
 .debug_frame   0x000020fc      0x240 ./Libraries/XMCLib/src/xmc_eru.o
 .debug_frame   0x0000233c       0x60 ./Libraries/XMCLib/src/xmc_gpio.o
 .debug_frame   0x0000239c      0x1f0 ./Libraries/XMCLib/src/xmc_uart.o
 .debug_frame   0x0000258c      0x330 ./Libraries/XMCLib/src/xmc_usic.o
 .debug_frame   0x000028bc      0xc00 ./Libraries/XMCLib/src/xmc_vadc.o
 .debug_frame   0x000034bc       0x5c ./Libraries/Newlib/syscalls.o
 .debug_frame   0x00003518      0x3fc ./Dave/Generated/UART/uart.o
 .debug_frame   0x00003914      0x168 ./Dave/Generated/UART/uart_conf.o